2025-07-07T19:07:13.7654245Z Current runner version: '2.325.0'
2025-07-07T19:07:13.7680174Z ##[group]Operating System
2025-07-07T19:07:13.7681591Z Ubuntu
2025-07-07T19:07:13.7682082Z 24.04.2
2025-07-07T19:07:13.7682627Z LTS
2025-07-07T19:07:13.7683111Z ##[endgroup]
2025-07-07T19:07:13.7683601Z ##[group]Runner Image
2025-07-07T19:07:13.7684225Z Image: ubuntu-24.04
2025-07-07T19:07:13.7685020Z Version: 20250629.1.0
2025-07-07T19:07:13.7686125Z Included Software: https://github.com/actions/runner-images/blob/ubuntu24/20250629.1/images/ubuntu/Ubuntu2404-Readme.md
2025-07-07T19:07:13.7687658Z Image Release: https://github.com/actions/runner-images/releases/tag/ubuntu24%2F20250629.1
2025-07-07T19:07:13.7688536Z ##[endgroup]
2025-07-07T19:07:13.7689038Z ##[group]Runner Image Provisioner
2025-07-07T19:07:13.7689658Z 2.0.449.1
2025-07-07T19:07:13.7690164Z ##[endgroup]
2025-07-07T19:07:13.7691247Z ##[group]GITHUB_TOKEN Permissions
2025-07-07T19:07:13.7693339Z Contents: read
2025-07-07T19:07:13.7693860Z Metadata: read
2025-07-07T19:07:13.7694621Z Packages: read
2025-07-07T19:07:13.7695413Z ##[endgroup]
2025-07-07T19:07:13.7698194Z Secret source: Actions
2025-07-07T19:07:13.7699161Z Prepare workflow directory
2025-07-07T19:07:13.8088136Z Prepare all required actions
2025-07-07T19:07:13.8124735Z Getting action download info
2025-07-07T19:07:14.1606514Z ##[group]Download immutable action package 'actions/checkout@v4'
2025-07-07T19:07:14.1607507Z Version: 4.2.2
2025-07-07T19:07:14.1608585Z Digest: sha256:ccb2698953eaebd21c7bf6268a94f9c26518a7e38e27e0b83c1fe1ad049819b1
2025-07-07T19:07:14.1609732Z Source commit SHA: 11bd71901bbe5b1630ceea73d27597364c9af683
2025-07-07T19:07:14.1610456Z ##[endgroup]
2025-07-07T19:07:14.2393558Z ##[group]Download immutable action package 'actions/setup-python@v5'
2025-07-07T19:07:14.2394327Z Version: 5.6.0
2025-07-07T19:07:14.2395444Z Digest: sha256:0b35a0c11c97499e4e0576589036d450b9f5f9da74b7774225b3614b57324404
2025-07-07T19:07:14.2396448Z Source commit SHA: a26af69be951a213d495a4c3e4e4022e16d87065
2025-07-07T19:07:14.2397113Z ##[endgroup]
2025-07-07T19:07:14.4997428Z Download action repository 'codecov/codecov-action@v4' (SHA:b9fd7d16f6d7d1b5d2bec1a2887e65ceed900238)
2025-07-07T19:07:14.7985430Z ##[group]Download immutable action package 'actions/upload-artifact@v4'
2025-07-07T19:07:14.7986633Z Version: 4.6.2
2025-07-07T19:07:14.7987589Z Digest: sha256:290722aa3281d5caf23d0acdc3dbeb3424786a1a01a9cc97e72f147225e37c38
2025-07-07T19:07:14.7988897Z Source commit SHA: ea165f8d65b6e75b540449e92b4886f43607fa02
2025-07-07T19:07:14.7989985Z ##[endgroup]
2025-07-07T19:07:15.0034130Z Complete job name: End-to-End Tests (ubuntu-latest, 3.12)
2025-07-07T19:07:15.0739267Z ##[group]Run actions/checkout@v4
2025-07-07T19:07:15.0740144Z with:
2025-07-07T19:07:15.0740564Z   fetch-depth: 0
2025-07-07T19:07:15.0741077Z   repository: williamzujkowski/mcp-standards-server
2025-07-07T19:07:15.0741836Z   token: ***
2025-07-07T19:07:15.0742242Z   ssh-strict: true
2025-07-07T19:07:15.0742653Z   ssh-user: git
2025-07-07T19:07:15.0743075Z   persist-credentials: true
2025-07-07T19:07:15.0743574Z   clean: true
2025-07-07T19:07:15.0744014Z   sparse-checkout-cone-mode: true
2025-07-07T19:07:15.0744520Z   fetch-tags: false
2025-07-07T19:07:15.0745169Z   show-progress: true
2025-07-07T19:07:15.0745605Z   lfs: false
2025-07-07T19:07:15.0746002Z   submodules: false
2025-07-07T19:07:15.0746435Z   set-safe-directory: true
2025-07-07T19:07:15.0747163Z env:
2025-07-07T19:07:15.0747567Z   PYTHON_VERSION: 3.11
2025-07-07T19:07:15.0748021Z   COVERAGE_THRESHOLD: 80
2025-07-07T19:07:15.0748473Z ##[endgroup]
2025-07-07T19:07:15.3232433Z Syncing repository: williamzujkowski/mcp-standards-server
2025-07-07T19:07:15.3234488Z ##[group]Getting Git version info
2025-07-07T19:07:15.3236084Z Working directory is '/home/runner/work/mcp-standards-server/mcp-standards-server'
2025-07-07T19:07:15.3238100Z [command]/usr/bin/git version
2025-07-07T19:07:15.3276966Z git version 2.49.0
2025-07-07T19:07:15.3305267Z ##[endgroup]
2025-07-07T19:07:15.3321048Z Temporarily overriding HOME='/home/runner/work/_temp/88dd1c9f-0baa-4768-9e97-0f5b82d33cd8' before making global git config changes
2025-07-07T19:07:15.3323867Z Adding repository directory to the temporary git global config as a safe directory
2025-07-07T19:07:15.3335289Z [command]/usr/bin/git config --global --add safe.directory /home/runner/work/mcp-standards-server/mcp-standards-server
2025-07-07T19:07:15.3370182Z Deleting the contents of '/home/runner/work/mcp-standards-server/mcp-standards-server'
2025-07-07T19:07:15.3373527Z ##[group]Initializing the repository
2025-07-07T19:07:15.3379209Z [command]/usr/bin/git init /home/runner/work/mcp-standards-server/mcp-standards-server
2025-07-07T19:07:15.3434462Z hint: Using 'master' as the name for the initial branch. This default branch name
2025-07-07T19:07:15.3436169Z hint: is subject to change. To configure the initial branch name to use in all
2025-07-07T19:07:15.3437132Z hint: of your new repositories, which will suppress this warning, call:
2025-07-07T19:07:15.3438397Z hint:
2025-07-07T19:07:15.3439028Z hint: 	git config --global init.defaultBranch <name>
2025-07-07T19:07:15.3439934Z hint:
2025-07-07T19:07:15.3441003Z hint: Names commonly chosen instead of 'master' are 'main', 'trunk' and
2025-07-07T19:07:15.3442705Z hint: 'development'. The just-created branch can be renamed via this command:
2025-07-07T19:07:15.3444055Z hint:
2025-07-07T19:07:15.3445024Z hint: 	git branch -m <name>
2025-07-07T19:07:15.3446645Z Initialized empty Git repository in /home/runner/work/mcp-standards-server/mcp-standards-server/.git/
2025-07-07T19:07:15.3452646Z [command]/usr/bin/git remote add origin https://github.com/williamzujkowski/mcp-standards-server
2025-07-07T19:07:15.3484205Z ##[endgroup]
2025-07-07T19:07:15.3485683Z ##[group]Disabling automatic garbage collection
2025-07-07T19:07:15.3489444Z [command]/usr/bin/git config --local gc.auto 0
2025-07-07T19:07:15.3518546Z ##[endgroup]
2025-07-07T19:07:15.3519857Z ##[group]Setting up auth
2025-07-07T19:07:15.3526588Z [command]/usr/bin/git config --local --name-only --get-regexp core\.sshCommand
2025-07-07T19:07:15.3557006Z [command]/usr/bin/git submodule foreach --recursive sh -c "git config --local --name-only --get-regexp 'core\.sshCommand' && git config --local --unset-all 'core.sshCommand' || :"
2025-07-07T19:07:15.3825073Z [command]/usr/bin/git config --local --name-only --get-regexp http\.https\:\/\/github\.com\/\.extraheader
2025-07-07T19:07:15.3853861Z [command]/usr/bin/git submodule foreach --recursive sh -c "git config --local --name-only --get-regexp 'http\.https\:\/\/github\.com\/\.extraheader' && git config --local --unset-all 'http.https://github.com/.extraheader' || :"
2025-07-07T19:07:15.4071263Z [command]/usr/bin/git config --local http.https://github.com/.extraheader AUTHORIZATION: basic ***
2025-07-07T19:07:15.4112156Z ##[endgroup]
2025-07-07T19:07:15.4113017Z ##[group]Fetching the repository
2025-07-07T19:07:15.4129191Z [command]/usr/bin/git -c protocol.version=2 fetch --prune --no-recurse-submodules origin +refs/heads/*:refs/remotes/origin/* +refs/tags/*:refs/tags/*
2025-07-07T19:07:15.9054282Z From https://github.com/williamzujkowski/mcp-standards-server
2025-07-07T19:07:15.9056718Z  * [new branch]      complete_overhaul -> origin/complete_overhaul
2025-07-07T19:07:15.9058191Z  * [new branch]      main              -> origin/main
2025-07-07T19:07:15.9099778Z [command]/usr/bin/git branch --list --remote origin/complete_overhaul
2025-07-07T19:07:15.9129362Z   origin/complete_overhaul
2025-07-07T19:07:15.9140584Z [command]/usr/bin/git rev-parse refs/remotes/origin/complete_overhaul
2025-07-07T19:07:15.9160615Z 0858994e684f04090a40fbb66e51ec78bc99fff3
2025-07-07T19:07:15.9167089Z ##[endgroup]
2025-07-07T19:07:15.9168318Z ##[group]Determining the checkout info
2025-07-07T19:07:15.9169708Z ##[endgroup]
2025-07-07T19:07:15.9172038Z [command]/usr/bin/git sparse-checkout disable
2025-07-07T19:07:15.9209870Z [command]/usr/bin/git config --local --unset-all extensions.worktreeConfig
2025-07-07T19:07:15.9234402Z ##[group]Checking out the ref
2025-07-07T19:07:15.9238552Z [command]/usr/bin/git checkout --progress --force -B complete_overhaul refs/remotes/origin/complete_overhaul
2025-07-07T19:07:15.9311336Z Switched to a new branch 'complete_overhaul'
2025-07-07T19:07:15.9314679Z branch 'complete_overhaul' set up to track 'origin/complete_overhaul'.
2025-07-07T19:07:15.9322087Z ##[endgroup]
2025-07-07T19:07:15.9355923Z [command]/usr/bin/git log -1 --format=%H
2025-07-07T19:07:15.9377990Z 0858994e684f04090a40fbb66e51ec78bc99fff3
2025-07-07T19:07:15.9711119Z ##[group]Run actions/setup-python@v5
2025-07-07T19:07:15.9712243Z with:
2025-07-07T19:07:15.9713046Z   python-version: 3.12
2025-07-07T19:07:15.9713966Z   cache: pip
2025-07-07T19:07:15.9715000Z   check-latest: false
2025-07-07T19:07:15.9716174Z   token: ***
2025-07-07T19:07:15.9717040Z   update-environment: true
2025-07-07T19:07:15.9718090Z   allow-prereleases: false
2025-07-07T19:07:15.9719101Z   freethreaded: false
2025-07-07T19:07:15.9719994Z env:
2025-07-07T19:07:15.9720765Z   PYTHON_VERSION: 3.11
2025-07-07T19:07:15.9721735Z   COVERAGE_THRESHOLD: 80
2025-07-07T19:07:15.9722675Z ##[endgroup]
2025-07-07T19:07:16.1396285Z ##[group]Installed versions
2025-07-07T19:07:16.1454443Z Successfully set up CPython (3.12.11)
2025-07-07T19:07:16.1458079Z ##[endgroup]
2025-07-07T19:07:16.1952999Z [command]/opt/hostedtoolcache/Python/3.12.11/x64/bin/pip cache dir
2025-07-07T19:07:16.4361883Z /home/runner/.cache/pip
2025-07-07T19:07:16.5683791Z pip cache is not found
2025-07-07T19:07:16.5901331Z ##[group]Run sudo apt-get update
2025-07-07T19:07:16.5902454Z [36;1msudo apt-get update[0m
2025-07-07T19:07:16.5903519Z [36;1msudo apt-get install -y redis-server[0m
2025-07-07T19:07:16.5997262Z shell: /usr/bin/bash -e {0}
2025-07-07T19:07:16.5998200Z env:
2025-07-07T19:07:16.5998905Z   PYTHON_VERSION: 3.11
2025-07-07T19:07:16.5999772Z   COVERAGE_THRESHOLD: 80
2025-07-07T19:07:16.6000918Z   pythonLocation: /opt/hostedtoolcache/Python/3.12.11/x64
2025-07-07T19:07:16.6002617Z   PKG_CONFIG_PATH: /opt/hostedtoolcache/Python/3.12.11/x64/lib/pkgconfig
2025-07-07T19:07:16.6004298Z   Python_ROOT_DIR: /opt/hostedtoolcache/Python/3.12.11/x64
2025-07-07T19:07:16.6006075Z   Python2_ROOT_DIR: /opt/hostedtoolcache/Python/3.12.11/x64
2025-07-07T19:07:16.6007580Z   Python3_ROOT_DIR: /opt/hostedtoolcache/Python/3.12.11/x64
2025-07-07T19:07:16.6009091Z   LD_LIBRARY_PATH: /opt/hostedtoolcache/Python/3.12.11/x64/lib
2025-07-07T19:07:16.6010356Z ##[endgroup]
2025-07-07T19:07:16.6721541Z Get:1 file:/etc/apt/apt-mirrors.txt Mirrorlist [144 B]
2025-07-07T19:07:16.7052225Z Hit:2 http://azure.archive.ubuntu.com/ubuntu noble InRelease
2025-07-07T19:07:16.7073259Z Get:3 http://azure.archive.ubuntu.com/ubuntu noble-updates InRelease [126 kB]
2025-07-07T19:07:16.7088556Z Hit:6 https://packages.microsoft.com/repos/azure-cli noble InRelease
2025-07-07T19:07:16.7131462Z Get:4 http://azure.archive.ubuntu.com/ubuntu noble-backports InRelease [126 kB]
2025-07-07T19:07:16.7152510Z Get:5 http://azure.archive.ubuntu.com/ubuntu noble-security InRelease [126 kB]
2025-07-07T19:07:16.7159349Z Get:7 https://packages.microsoft.com/ubuntu/24.04/prod noble InRelease [3600 B]
2025-07-07T19:07:16.8728314Z Get:8 http://azure.archive.ubuntu.com/ubuntu noble-updates/main amd64 Packages [1221 kB]
2025-07-07T19:07:16.8895824Z Get:9 http://azure.archive.ubuntu.com/ubuntu noble-updates/main Translation-en [251 kB]
2025-07-07T19:07:16.8908838Z Get:10 http://azure.archive.ubuntu.com/ubuntu noble-updates/main amd64 Components [162 kB]
2025-07-07T19:07:16.8936225Z Get:11 http://azure.archive.ubuntu.com/ubuntu noble-updates/universe amd64 Packages [1103 kB]
2025-07-07T19:07:16.9008998Z Get:12 http://azure.archive.ubuntu.com/ubuntu noble-updates/universe Translation-en [281 kB]
2025-07-07T19:07:16.9041392Z Get:13 http://azure.archive.ubuntu.com/ubuntu noble-updates/universe amd64 Components [377 kB]
2025-07-07T19:07:16.9079371Z Get:14 http://azure.archive.ubuntu.com/ubuntu noble-updates/restricted amd64 Packages [1391 kB]
2025-07-07T19:07:16.9191576Z Get:15 http://azure.archive.ubuntu.com/ubuntu noble-updates/restricted Translation-en [298 kB]
2025-07-07T19:07:16.9227532Z Get:16 http://azure.archive.ubuntu.com/ubuntu noble-updates/restricted amd64 Components [212 B]
2025-07-07T19:07:16.9256326Z Get:17 http://azure.archive.ubuntu.com/ubuntu noble-updates/multiverse amd64 Packages [22.8 kB]
2025-07-07T19:07:16.9692987Z Get:18 http://azure.archive.ubuntu.com/ubuntu noble-updates/multiverse Translation-en [5456 B]
2025-07-07T19:07:16.9703950Z Get:19 http://azure.archive.ubuntu.com/ubuntu noble-updates/multiverse amd64 Components [940 B]
2025-07-07T19:07:16.9716486Z Get:20 http://azure.archive.ubuntu.com/ubuntu noble-backports/main amd64 Components [7084 B]
2025-07-07T19:07:16.9732406Z Get:21 http://azure.archive.ubuntu.com/ubuntu noble-backports/universe amd64 Components [16.3 kB]
2025-07-07T19:07:16.9745145Z Get:22 http://azure.archive.ubuntu.com/ubuntu noble-backports/restricted amd64 Components [216 B]
2025-07-07T19:07:16.9758261Z Get:23 http://azure.archive.ubuntu.com/ubuntu noble-backports/multiverse amd64 Components [212 B]
2025-07-07T19:07:17.0079103Z Get:24 https://packages.microsoft.com/ubuntu/24.04/prod noble/main armhf Packages [9168 B]
2025-07-07T19:07:17.0241193Z Get:25 https://packages.microsoft.com/ubuntu/24.04/prod noble/main arm64 Packages [25.3 kB]
2025-07-07T19:07:17.0378335Z Get:26 http://azure.archive.ubuntu.com/ubuntu noble-security/main amd64 Packages [971 kB]
2025-07-07T19:07:17.0441487Z Get:27 http://azure.archive.ubuntu.com/ubuntu noble-security/main Translation-en [174 kB]
2025-07-07T19:07:17.0463775Z Get:28 http://azure.archive.ubuntu.com/ubuntu noble-security/main amd64 Components [21.6 kB]
2025-07-07T19:07:17.0470684Z Get:38 https://packages.microsoft.com/ubuntu/24.04/prod noble/main amd64 Packages [38.7 kB]
2025-07-07T19:07:17.0483087Z Get:29 http://azure.archive.ubuntu.com/ubuntu noble-security/universe amd64 Packages [869 kB]
2025-07-07T19:07:17.0528212Z Get:30 http://azure.archive.ubuntu.com/ubuntu noble-security/universe Translation-en [191 kB]
2025-07-07T19:07:17.0551678Z Get:31 http://azure.archive.ubuntu.com/ubuntu noble-security/universe amd64 Components [52.3 kB]
2025-07-07T19:07:17.0568537Z Get:32 http://azure.archive.ubuntu.com/ubuntu noble-security/restricted amd64 Packages [1347 kB]
2025-07-07T19:07:17.0674520Z Get:33 http://azure.archive.ubuntu.com/ubuntu noble-security/restricted Translation-en [290 kB]
2025-07-07T19:07:17.1130801Z Get:34 http://azure.archive.ubuntu.com/ubuntu noble-security/restricted amd64 Components [212 B]
2025-07-07T19:07:17.1142826Z Get:35 http://azure.archive.ubuntu.com/ubuntu noble-security/multiverse amd64 Packages [18.5 kB]
2025-07-07T19:07:17.1156284Z Get:36 http://azure.archive.ubuntu.com/ubuntu noble-security/multiverse Translation-en [4288 B]
2025-07-07T19:07:17.1167513Z Get:37 http://azure.archive.ubuntu.com/ubuntu noble-security/multiverse amd64 Components [212 B]
2025-07-07T19:07:23.7366644Z Fetched 9531 kB in 1s (7987 kB/s)
2025-07-07T19:07:24.3790355Z Reading package lists...
2025-07-07T19:07:24.4097451Z Reading package lists...
2025-07-07T19:07:24.5570729Z Building dependency tree...
2025-07-07T19:07:24.5578019Z Reading state information...
2025-07-07T19:07:24.6982271Z The following additional packages will be installed:
2025-07-07T19:07:24.6988524Z   libjemalloc2 liblzf1 redis-tools
2025-07-07T19:07:24.6995050Z Suggested packages:
2025-07-07T19:07:24.7168803Z   ruby-redis
2025-07-07T19:07:24.7169082Z The following NEW packages will be installed:
2025-07-07T19:07:24.7173063Z   libjemalloc2 liblzf1 redis-server redis-tools
2025-07-07T19:07:24.7337398Z 0 upgraded, 4 newly installed, 0 to remove and 53 not upgraded.
2025-07-07T19:07:24.7338040Z Need to get 1481 kB of archives.
2025-07-07T19:07:24.7338531Z After this operation, 7558 kB of additional disk space will be used.
2025-07-07T19:07:24.7870630Z Get:1 file:/etc/apt/apt-mirrors.txt Mirrorlist [144 B]
2025-07-07T19:07:24.7872020Z Get:2 http://azure.archive.ubuntu.com/ubuntu noble/universe amd64 libjemalloc2 amd64 5.3.0-2build1 [256 kB]
2025-07-07T19:07:24.8253004Z Get:3 http://azure.archive.ubuntu.com/ubuntu noble/universe amd64 liblzf1 amd64 3.6-4 [7624 B]
2025-07-07T19:07:24.8595729Z Get:4 http://azure.archive.ubuntu.com/ubuntu noble-updates/universe amd64 redis-tools amd64 5:7.0.15-1ubuntu0.24.04.1 [1166 kB]
2025-07-07T19:07:24.9302847Z Get:5 http://azure.archive.ubuntu.com/ubuntu noble-updates/universe amd64 redis-server amd64 5:7.0.15-1ubuntu0.24.04.1 [51.7 kB]
2025-07-07T19:07:25.1771118Z Fetched 1481 kB in 0s (7141 kB/s)
2025-07-07T19:07:25.2036148Z Selecting previously unselected package libjemalloc2:amd64.
2025-07-07T19:07:25.2298023Z (Reading database ... 
2025-07-07T19:07:25.2298406Z (Reading database ... 5%
2025-07-07T19:07:25.2298910Z (Reading database ... 10%
2025-07-07T19:07:25.2299273Z (Reading database ... 15%
2025-07-07T19:07:25.2299627Z (Reading database ... 20%
2025-07-07T19:07:25.2299967Z (Reading database ... 25%
2025-07-07T19:07:25.2300338Z (Reading database ... 30%
2025-07-07T19:07:25.2300675Z (Reading database ... 35%
2025-07-07T19:07:25.2301145Z (Reading database ... 40%
2025-07-07T19:07:25.2301570Z (Reading database ... 45%
2025-07-07T19:07:25.2301901Z (Reading database ... 50%
2025-07-07T19:07:25.2429868Z (Reading database ... 55%
2025-07-07T19:07:25.2845492Z (Reading database ... 60%
2025-07-07T19:07:25.3219814Z (Reading database ... 65%
2025-07-07T19:07:25.3572900Z (Reading database ... 70%
2025-07-07T19:07:25.3917257Z (Reading database ... 75%
2025-07-07T19:07:25.4428121Z (Reading database ... 80%
2025-07-07T19:07:25.4750348Z (Reading database ... 85%
2025-07-07T19:07:25.5287063Z (Reading database ... 90%
2025-07-07T19:07:25.5740777Z (Reading database ... 95%
2025-07-07T19:07:25.5741250Z (Reading database ... 100%
2025-07-07T19:07:25.5741873Z (Reading database ... 219395 files and directories currently installed.)
2025-07-07T19:07:25.5781911Z Preparing to unpack .../libjemalloc2_5.3.0-2build1_amd64.deb ...
2025-07-07T19:07:25.5840446Z Unpacking libjemalloc2:amd64 (5.3.0-2build1) ...
2025-07-07T19:07:25.6139426Z Selecting previously unselected package liblzf1:amd64.
2025-07-07T19:07:25.6310002Z Preparing to unpack .../liblzf1_3.6-4_amd64.deb ...
2025-07-07T19:07:25.6321636Z Unpacking liblzf1:amd64 (3.6-4) ...
2025-07-07T19:07:25.6582042Z Selecting previously unselected package redis-tools.
2025-07-07T19:07:25.6712427Z Preparing to unpack .../redis-tools_5%3a7.0.15-1ubuntu0.24.04.1_amd64.deb ...
2025-07-07T19:07:25.6723300Z Unpacking redis-tools (5:7.0.15-1ubuntu0.24.04.1) ...
2025-07-07T19:07:25.7746855Z Selecting previously unselected package redis-server.
2025-07-07T19:07:25.7879081Z Preparing to unpack .../redis-server_5%3a7.0.15-1ubuntu0.24.04.1_amd64.deb ...
2025-07-07T19:07:25.8132457Z Unpacking redis-server (5:7.0.15-1ubuntu0.24.04.1) ...
2025-07-07T19:07:25.8680660Z Setting up libjemalloc2:amd64 (5.3.0-2build1) ...
2025-07-07T19:07:25.8725089Z Setting up liblzf1:amd64 (3.6-4) ...
2025-07-07T19:07:25.8777149Z Setting up redis-tools (5:7.0.15-1ubuntu0.24.04.1) ...
2025-07-07T19:07:26.0676599Z Setting up redis-server (5:7.0.15-1ubuntu0.24.04.1) ...
2025-07-07T19:07:26.5286238Z Created symlink /etc/systemd/system/redis.service → /usr/lib/systemd/system/redis-server.service.
2025-07-07T19:07:26.5286659Z 
2025-07-07T19:07:26.5287153Z Created symlink /etc/systemd/system/multi-user.target.wants/redis-server.service → /usr/lib/systemd/system/redis-server.service.
2025-07-07T19:07:26.5287621Z 
2025-07-07T19:07:26.8908846Z Processing triggers for man-db (2.12.0-4build2) ...
2025-07-07T19:08:41.6057488Z Processing triggers for libc-bin (2.39-0ubuntu8.4) ...
2025-07-07T19:08:44.0310767Z 
2025-07-07T19:08:44.0311287Z Running kernel seems to be up-to-date.
2025-07-07T19:08:44.0311576Z 
2025-07-07T19:08:44.0311703Z No services need to be restarted.
2025-07-07T19:08:44.0311910Z 
2025-07-07T19:08:44.0312040Z No containers need to be restarted.
2025-07-07T19:08:44.0312253Z 
2025-07-07T19:08:44.0312391Z No user sessions are running outdated binaries.
2025-07-07T19:08:44.0312634Z 
2025-07-07T19:08:44.0312866Z No VM guests are running outdated hypervisor (qemu) binaries on this host.
2025-07-07T19:08:44.8978977Z ##[group]Run python -m pip install --upgrade pip
2025-07-07T19:08:44.8979373Z [36;1mpython -m pip install --upgrade pip[0m
2025-07-07T19:08:44.8979641Z [36;1mpip install -e ".[dev,test]"[0m
2025-07-07T19:08:44.8979981Z [36;1mpip install pytest-asyncio pytest-benchmark pytest-timeout[0m
2025-07-07T19:08:44.8980335Z [36;1mpip install memory-profiler psutil[0m
2025-07-07T19:08:44.8980597Z [36;1mpip install coverage pytest-cov[0m
2025-07-07T19:08:44.9038386Z shell: /usr/bin/bash -e {0}
2025-07-07T19:08:44.9038603Z env:
2025-07-07T19:08:44.9038770Z   PYTHON_VERSION: 3.11
2025-07-07T19:08:44.9038965Z   COVERAGE_THRESHOLD: 80
2025-07-07T19:08:44.9039236Z   pythonLocation: /opt/hostedtoolcache/Python/3.12.11/x64
2025-07-07T19:08:44.9039648Z   PKG_CONFIG_PATH: /opt/hostedtoolcache/Python/3.12.11/x64/lib/pkgconfig
2025-07-07T19:08:44.9040039Z   Python_ROOT_DIR: /opt/hostedtoolcache/Python/3.12.11/x64
2025-07-07T19:08:44.9040401Z   Python2_ROOT_DIR: /opt/hostedtoolcache/Python/3.12.11/x64
2025-07-07T19:08:44.9040759Z   Python3_ROOT_DIR: /opt/hostedtoolcache/Python/3.12.11/x64
2025-07-07T19:08:44.9041102Z   LD_LIBRARY_PATH: /opt/hostedtoolcache/Python/3.12.11/x64/lib
2025-07-07T19:08:44.9041386Z ##[endgroup]
2025-07-07T19:08:45.4409447Z Requirement already satisfied: pip in /opt/hostedtoolcache/Python/3.12.11/x64/lib/python3.12/site-packages (25.1.1)
2025-07-07T19:08:45.9990012Z Obtaining file:///home/runner/work/mcp-standards-server/mcp-standards-server
2025-07-07T19:08:46.0004448Z   Installing build dependencies: started
2025-07-07T19:08:46.9128998Z   Installing build dependencies: finished with status 'done'
2025-07-07T19:08:46.9135480Z   Checking if build backend supports build_editable: started
2025-07-07T19:08:47.2778376Z   Checking if build backend supports build_editable: finished with status 'done'
2025-07-07T19:08:47.2786121Z   Getting requirements to build editable: started
2025-07-07T19:08:47.4821036Z   Getting requirements to build editable: finished with status 'done'
2025-07-07T19:08:47.4830336Z   Preparing editable metadata (pyproject.toml): started
2025-07-07T19:08:47.6931895Z   Preparing editable metadata (pyproject.toml): finished with status 'done'
2025-07-07T19:08:47.7792369Z Collecting pyyaml>=6.0.1 (from mcp-standards-server==0.1.0)
2025-07-07T19:08:47.8598193Z   Downloading PyYAML-6.0.2-cp312-cp312-manylinux_2_17_x86_64.manylinux2014_x86_64.whl.metadata (2.1 kB)
2025-07-07T19:08:48.3416025Z Collecting aiohttp>=3.9.0 (from mcp-standards-server==0.1.0)
2025-07-07T19:08:48.3616387Z   Downloading aiohttp-3.12.13-cp312-cp312-manylinux_2_17_x86_64.manylinux2014_x86_64.whl.metadata (7.6 kB)
2025-07-07T19:08:48.3800936Z Collecting mcp>=0.1.0 (from mcp-standards-server==0.1.0)
2025-07-07T19:08:48.3996790Z   Downloading mcp-1.10.1-py3-none-any.whl.metadata (40 kB)
2025-07-07T19:08:48.4349132Z Collecting sentence-transformers>=2.2.0 (from mcp-standards-server==0.1.0)
2025-07-07T19:08:48.4543869Z   Downloading sentence_transformers-5.0.0-py3-none-any.whl.metadata (16 kB)
2025-07-07T19:08:48.5389481Z Collecting scikit-learn>=1.0.0 (from mcp-standards-server==0.1.0)
2025-07-07T19:08:48.5586502Z   Downloading scikit_learn-1.7.0-cp312-cp312-manylinux_2_17_x86_64.manylinux2014_x86_64.whl.metadata (17 kB)
2025-07-07T19:08:48.7315883Z Collecting numpy>=1.21.0 (from mcp-standards-server==0.1.0)
2025-07-07T19:08:48.7512862Z   Downloading numpy-2.3.1-cp312-cp312-manylinux_2_28_x86_64.whl.metadata (62 kB)
2025-07-07T19:08:48.7861215Z Collecting nltk>=3.8.0 (from mcp-standards-server==0.1.0)
2025-07-07T19:08:48.8060690Z   Downloading nltk-3.9.1-py3-none-any.whl.metadata (2.9 kB)
2025-07-07T19:08:48.8436713Z Collecting fuzzywuzzy>=0.18.0 (from mcp-standards-server==0.1.0)
2025-07-07T19:08:48.8633411Z   Downloading fuzzywuzzy-0.18.0-py2.py3-none-any.whl.metadata (4.9 kB)
2025-07-07T19:08:48.8788581Z Collecting python-Levenshtein>=0.12.0 (from mcp-standards-server==0.1.0)
2025-07-07T19:08:48.8985230Z   Downloading python_levenshtein-0.27.1-py3-none-any.whl.metadata (3.7 kB)
2025-07-07T19:08:48.9291466Z Collecting redis>=4.0.0 (from mcp-standards-server==0.1.0)
2025-07-07T19:08:48.9487871Z   Downloading redis-6.2.0-py3-none-any.whl.metadata (10 kB)
2025-07-07T19:08:48.9834658Z Collecting tiktoken>=0.5.0 (from mcp-standards-server==0.1.0)
2025-07-07T19:08:49.0031210Z   Downloading tiktoken-0.9.0-cp312-cp312-manylinux_2_17_x86_64.manylinux2014_x86_64.whl.metadata (6.7 kB)
2025-07-07T19:08:49.0159498Z Collecting asyncio>=3.4.3 (from mcp-standards-server==0.1.0)
2025-07-07T19:08:49.0358013Z   Downloading asyncio-3.4.3-py3-none-any.whl.metadata (1.7 kB)
2025-07-07T19:08:49.0718208Z Collecting pytest>=7.0.0 (from mcp-standards-server==0.1.0)
2025-07-07T19:08:49.0913985Z   Downloading pytest-8.4.1-py3-none-any.whl.metadata (7.7 kB)
2025-07-07T19:08:49.1168698Z Collecting pytest-asyncio>=0.21.0 (from mcp-standards-server==0.1.0)
2025-07-07T19:08:49.1364122Z   Downloading pytest_asyncio-1.0.0-py3-none-any.whl.metadata (4.0 kB)
2025-07-07T19:08:49.1550839Z Collecting pytest-cov>=4.0.0 (from mcp-standards-server==0.1.0)
2025-07-07T19:08:49.1751669Z   Downloading pytest_cov-6.2.1-py3-none-any.whl.metadata (30 kB)
2025-07-07T19:08:49.1957630Z Collecting pytest-benchmark>=4.0.0 (from mcp-standards-server==0.1.0)
2025-07-07T19:08:49.2159461Z   Downloading pytest_benchmark-5.1.0-py3-none-any.whl.metadata (25 kB)
2025-07-07T19:08:49.2342433Z Collecting pytest-timeout>=2.1.0 (from mcp-standards-server==0.1.0)
2025-07-07T19:08:49.2538356Z   Downloading pytest_timeout-2.4.0-py3-none-any.whl.metadata (20 kB)
2025-07-07T19:08:49.2747167Z Collecting pytest-xdist>=3.0.0 (from mcp-standards-server==0.1.0)
2025-07-07T19:08:49.2941540Z   Downloading pytest_xdist-3.8.0-py3-none-any.whl.metadata (3.0 kB)
2025-07-07T19:08:49.3133378Z Collecting memory-profiler>=0.61.0 (from mcp-standards-server==0.1.0)
2025-07-07T19:08:49.3328848Z   Downloading memory_profiler-0.61.0-py3-none-any.whl.metadata (20 kB)
2025-07-07T19:08:49.3995156Z Collecting psutil>=5.9.0 (from mcp-standards-server==0.1.0)
2025-07-07T19:08:49.4191962Z   Downloading psutil-7.0.0-cp36-abi3-manylinux_2_12_x86_64.manylinux2010_x86_64.manylinux_2_17_x86_64.manylinux2014_x86_64.whl.metadata (22 kB)
2025-07-07T19:08:49.4421199Z Collecting aiohappyeyeballs>=2.5.0 (from aiohttp>=3.9.0->mcp-standards-server==0.1.0)
2025-07-07T19:08:49.4617381Z   Downloading aiohappyeyeballs-2.6.1-py3-none-any.whl.metadata (5.9 kB)
2025-07-07T19:08:49.4740225Z Collecting aiosignal>=1.1.2 (from aiohttp>=3.9.0->mcp-standards-server==0.1.0)
2025-07-07T19:08:49.4935563Z   Downloading aiosignal-1.4.0-py3-none-any.whl.metadata (3.7 kB)
2025-07-07T19:08:49.5098332Z Collecting attrs>=17.3.0 (from aiohttp>=3.9.0->mcp-standards-server==0.1.0)
2025-07-07T19:08:49.5294004Z   Downloading attrs-25.3.0-py3-none-any.whl.metadata (10 kB)
2025-07-07T19:08:49.5989133Z Collecting frozenlist>=1.1.1 (from aiohttp>=3.9.0->mcp-standards-server==0.1.0)
2025-07-07T19:08:49.6186813Z   Downloading frozenlist-1.7.0-cp312-cp312-manylinux_2_5_x86_64.manylinux1_x86_64.manylinux_2_17_x86_64.manylinux2014_x86_64.whl.metadata (18 kB)
2025-07-07T19:08:49.8350361Z Collecting multidict<7.0,>=4.5 (from aiohttp>=3.9.0->mcp-standards-server==0.1.0)
2025-07-07T19:08:49.8548040Z   Downloading multidict-6.6.3-cp312-cp312-manylinux2014_x86_64.manylinux_2_17_x86_64.manylinux_2_28_x86_64.whl.metadata (5.3 kB)
2025-07-07T19:08:49.8993165Z Collecting propcache>=0.2.0 (from aiohttp>=3.9.0->mcp-standards-server==0.1.0)
2025-07-07T19:08:49.9189614Z   Downloading propcache-0.3.2-cp312-cp312-manylinux_2_17_x86_64.manylinux2014_x86_64.whl.metadata (12 kB)
2025-07-07T19:08:50.1864593Z Collecting yarl<2.0,>=1.17.0 (from aiohttp>=3.9.0->mcp-standards-server==0.1.0)
2025-07-07T19:08:50.2065057Z   Downloading yarl-1.20.1-cp312-cp312-manylinux_2_17_x86_64.manylinux2014_x86_64.whl.metadata (73 kB)
2025-07-07T19:08:50.2321353Z Collecting idna>=2.0 (from yarl<2.0,>=1.17.0->aiohttp>=3.9.0->mcp-standards-server==0.1.0)
2025-07-07T19:08:50.2518483Z   Downloading idna-3.10-py3-none-any.whl.metadata (10 kB)
2025-07-07T19:08:50.2851580Z Collecting typing-extensions>=4.2 (from aiosignal>=1.1.2->aiohttp>=3.9.0->mcp-standards-server==0.1.0)
2025-07-07T19:08:50.3047117Z   Downloading typing_extensions-4.14.1-py3-none-any.whl.metadata (3.0 kB)
2025-07-07T19:08:50.3280127Z Collecting anyio>=4.5 (from mcp>=0.1.0->mcp-standards-server==0.1.0)
2025-07-07T19:08:50.3480150Z   Downloading anyio-4.9.0-py3-none-any.whl.metadata (4.7 kB)
2025-07-07T19:08:50.3613979Z Collecting httpx-sse>=0.4 (from mcp>=0.1.0->mcp-standards-server==0.1.0)
2025-07-07T19:08:50.3808614Z   Downloading httpx_sse-0.4.1-py3-none-any.whl.metadata (9.4 kB)
2025-07-07T19:08:50.4004008Z Collecting httpx>=0.27 (from mcp>=0.1.0->mcp-standards-server==0.1.0)
2025-07-07T19:08:50.4200220Z   Downloading httpx-0.28.1-py3-none-any.whl.metadata (7.1 kB)
2025-07-07T19:08:50.4459649Z Collecting jsonschema>=4.20.0 (from mcp>=0.1.0->mcp-standards-server==0.1.0)
2025-07-07T19:08:50.4654739Z   Downloading jsonschema-4.24.0-py3-none-any.whl.metadata (7.8 kB)
2025-07-07T19:08:50.4856477Z Collecting pydantic-settings>=2.5.2 (from mcp>=0.1.0->mcp-standards-server==0.1.0)
2025-07-07T19:08:50.5051327Z   Downloading pydantic_settings-2.10.1-py3-none-any.whl.metadata (3.4 kB)
2025-07-07T19:08:50.6150348Z Collecting pydantic<3.0.0,>=2.7.2 (from mcp>=0.1.0->mcp-standards-server==0.1.0)
2025-07-07T19:08:50.6346529Z   Downloading pydantic-2.11.7-py3-none-any.whl.metadata (67 kB)
2025-07-07T19:08:50.6555616Z Collecting python-multipart>=0.0.9 (from mcp>=0.1.0->mcp-standards-server==0.1.0)
2025-07-07T19:08:50.6750652Z   Downloading python_multipart-0.0.20-py3-none-any.whl.metadata (1.8 kB)
2025-07-07T19:08:50.6927959Z Collecting sse-starlette>=1.6.1 (from mcp>=0.1.0->mcp-standards-server==0.1.0)
2025-07-07T19:08:50.7124433Z   Downloading sse_starlette-2.4.1-py3-none-any.whl.metadata (10 kB)
2025-07-07T19:08:50.7457601Z Collecting starlette>=0.27 (from mcp>=0.1.0->mcp-standards-server==0.1.0)
2025-07-07T19:08:50.7652610Z   Downloading starlette-0.47.1-py3-none-any.whl.metadata (6.2 kB)
2025-07-07T19:08:50.7958966Z Collecting uvicorn>=0.23.1 (from mcp>=0.1.0->mcp-standards-server==0.1.0)
2025-07-07T19:08:50.8156819Z   Downloading uvicorn-0.35.0-py3-none-any.whl.metadata (6.5 kB)
2025-07-07T19:08:50.8297827Z Collecting annotated-types>=0.6.0 (from pydantic<3.0.0,>=2.7.2->mcp>=0.1.0->mcp-standards-server==0.1.0)
2025-07-07T19:08:50.8496945Z   Downloading annotated_types-0.7.0-py3-none-any.whl.metadata (15 kB)
2025-07-07T19:08:51.4694008Z Collecting pydantic-core==2.33.2 (from pydantic<3.0.0,>=2.7.2->mcp>=0.1.0->mcp-standards-server==0.1.0)
2025-07-07T19:08:51.4895108Z   Downloading pydantic_core-2.33.2-cp312-cp312-manylinux_2_17_x86_64.manylinux2014_x86_64.whl.metadata (6.8 kB)
2025-07-07T19:08:51.5062683Z Collecting typing-inspection>=0.4.0 (from pydantic<3.0.0,>=2.7.2->mcp>=0.1.0->mcp-standards-server==0.1.0)
2025-07-07T19:08:51.5260778Z   Downloading typing_inspection-0.4.1-py3-none-any.whl.metadata (2.6 kB)
2025-07-07T19:08:51.5487656Z Collecting sniffio>=1.1 (from anyio>=4.5->mcp>=0.1.0->mcp-standards-server==0.1.0)
2025-07-07T19:08:51.5683400Z   Downloading sniffio-1.3.1-py3-none-any.whl.metadata (3.9 kB)
2025-07-07T19:08:51.5951636Z Collecting certifi (from httpx>=0.27->mcp>=0.1.0->mcp-standards-server==0.1.0)
2025-07-07T19:08:51.6157600Z   Downloading certifi-2025.6.15-py3-none-any.whl.metadata (2.4 kB)
2025-07-07T19:08:51.6374491Z Collecting httpcore==1.* (from httpx>=0.27->mcp>=0.1.0->mcp-standards-server==0.1.0)
2025-07-07T19:08:51.6568884Z   Downloading httpcore-1.0.9-py3-none-any.whl.metadata (21 kB)
2025-07-07T19:08:51.6722623Z Collecting h11>=0.16 (from httpcore==1.*->httpx>=0.27->mcp>=0.1.0->mcp-standards-server==0.1.0)
2025-07-07T19:08:51.6919937Z   Downloading h11-0.16.0-py3-none-any.whl.metadata (8.3 kB)
2025-07-07T19:08:51.7125747Z Collecting jsonschema-specifications>=2023.03.6 (from jsonschema>=4.20.0->mcp>=0.1.0->mcp-standards-server==0.1.0)
2025-07-07T19:08:51.7319860Z   Downloading jsonschema_specifications-2025.4.1-py3-none-any.whl.metadata (2.9 kB)
2025-07-07T19:08:51.7588529Z Collecting referencing>=0.28.4 (from jsonschema>=4.20.0->mcp>=0.1.0->mcp-standards-server==0.1.0)
2025-07-07T19:08:51.7784041Z   Downloading referencing-0.36.2-py3-none-any.whl.metadata (2.8 kB)
2025-07-07T19:08:52.0141534Z Collecting rpds-py>=0.7.1 (from jsonschema>=4.20.0->mcp>=0.1.0->mcp-standards-server==0.1.0)
2025-07-07T19:08:52.0338537Z   Downloading rpds_py-0.26.0-cp312-cp312-manylinux_2_17_x86_64.manylinux2014_x86_64.whl.metadata (4.2 kB)
2025-07-07T19:08:52.0653142Z Collecting click (from nltk>=3.8.0->mcp-standards-server==0.1.0)
2025-07-07T19:08:52.0848306Z   Downloading click-8.2.1-py3-none-any.whl.metadata (2.5 kB)
2025-07-07T19:08:52.1098404Z Collecting joblib (from nltk>=3.8.0->mcp-standards-server==0.1.0)
2025-07-07T19:08:52.1292730Z   Downloading joblib-1.5.1-py3-none-any.whl.metadata (5.6 kB)
2025-07-07T19:08:52.4764133Z Collecting regex>=2021.8.3 (from nltk>=3.8.0->mcp-standards-server==0.1.0)
2025-07-07T19:08:52.4963226Z   Downloading regex-2024.11.6-cp312-cp312-manylinux_2_17_x86_64.manylinux2014_x86_64.whl.metadata (40 kB)
2025-07-07T19:08:52.5366567Z Collecting tqdm (from nltk>=3.8.0->mcp-standards-server==0.1.0)
2025-07-07T19:08:52.5562565Z   Downloading tqdm-4.67.1-py3-none-any.whl.metadata (57 kB)
2025-07-07T19:08:52.5999269Z Collecting python-dotenv>=0.21.0 (from pydantic-settings>=2.5.2->mcp>=0.1.0->mcp-standards-server==0.1.0)
2025-07-07T19:08:52.6194159Z   Downloading python_dotenv-1.1.1-py3-none-any.whl.metadata (24 kB)
2025-07-07T19:08:52.6362094Z Collecting iniconfig>=1 (from pytest>=7.0.0->mcp-standards-server==0.1.0)
2025-07-07T19:08:52.6556633Z   Downloading iniconfig-2.1.0-py3-none-any.whl.metadata (2.7 kB)
2025-07-07T19:08:52.6728154Z Collecting packaging>=20 (from pytest>=7.0.0->mcp-standards-server==0.1.0)
2025-07-07T19:08:52.6924654Z   Downloading packaging-25.0-py3-none-any.whl.metadata (3.3 kB)
2025-07-07T19:08:52.7068579Z Collecting pluggy<2,>=1.5 (from pytest>=7.0.0->mcp-standards-server==0.1.0)
2025-07-07T19:08:52.7263599Z   Downloading pluggy-1.6.0-py3-none-any.whl.metadata (4.8 kB)
2025-07-07T19:08:52.7475774Z Collecting pygments>=2.7.2 (from pytest>=7.0.0->mcp-standards-server==0.1.0)
2025-07-07T19:08:52.7675580Z   Downloading pygments-2.19.2-py3-none-any.whl.metadata (2.5 kB)
2025-07-07T19:08:52.8060485Z Collecting py-cpuinfo (from pytest-benchmark>=4.0.0->mcp-standards-server==0.1.0)
2025-07-07T19:08:52.8255849Z   Downloading py_cpuinfo-9.0.0-py3-none-any.whl.metadata (794 bytes)
2025-07-07T19:08:53.1120865Z Collecting coverage>=7.5 (from coverage[toml]>=7.5->pytest-cov>=4.0.0->mcp-standards-server==0.1.0)
2025-07-07T19:08:53.1322692Z   Downloading coverage-7.9.2-cp312-cp312-manylinux_2_5_x86_64.manylinux1_x86_64.manylinux_2_17_x86_64.manylinux2014_x86_64.whl.metadata (8.9 kB)
2025-07-07T19:08:53.1568207Z Collecting execnet>=2.1 (from pytest-xdist>=3.0.0->mcp-standards-server==0.1.0)
2025-07-07T19:08:53.1768969Z   Downloading execnet-2.1.1-py3-none-any.whl.metadata (2.9 kB)
2025-07-07T19:08:53.3880131Z Collecting Levenshtein==0.27.1 (from python-Levenshtein>=0.12.0->mcp-standards-server==0.1.0)
2025-07-07T19:08:53.4082534Z   Downloading levenshtein-0.27.1-cp312-cp312-manylinux_2_17_x86_64.manylinux2014_x86_64.whl.metadata (3.6 kB)
2025-07-07T19:08:53.9003428Z Collecting rapidfuzz<4.0.0,>=3.9.0 (from Levenshtein==0.27.1->python-Levenshtein>=0.12.0->mcp-standards-server==0.1.0)
2025-07-07T19:08:53.9202751Z   Downloading rapidfuzz-3.13.0-cp312-cp312-manylinux_2_17_x86_64.manylinux2014_x86_64.whl.metadata (12 kB)
2025-07-07T19:08:54.0615540Z Collecting scipy>=1.8.0 (from scikit-learn>=1.0.0->mcp-standards-server==0.1.0)
2025-07-07T19:08:54.0812659Z   Downloading scipy-1.16.0-cp312-cp312-manylinux2014_x86_64.manylinux_2_17_x86_64.whl.metadata (61 kB)
2025-07-07T19:08:54.1146054Z Collecting threadpoolctl>=3.1.0 (from scikit-learn>=1.0.0->mcp-standards-server==0.1.0)
2025-07-07T19:08:54.1340533Z   Downloading threadpoolctl-3.6.0-py3-none-any.whl.metadata (13 kB)
2025-07-07T19:08:54.1936050Z Collecting transformers<5.0.0,>=4.41.0 (from sentence-transformers>=2.2.0->mcp-standards-server==0.1.0)
2025-07-07T19:08:54.2143436Z   Downloading transformers-4.53.1-py3-none-any.whl.metadata (40 kB)
2025-07-07T19:08:54.4106698Z Collecting torch>=1.11.0 (from sentence-transformers>=2.2.0->mcp-standards-server==0.1.0)
2025-07-07T19:08:54.4303981Z   Downloading torch-2.7.1-cp312-cp312-manylinux_2_28_x86_64.whl.metadata (29 kB)
2025-07-07T19:08:54.4784140Z Collecting huggingface-hub>=0.20.0 (from sentence-transformers>=2.2.0->mcp-standards-server==0.1.0)
2025-07-07T19:08:54.4991837Z   Downloading huggingface_hub-0.33.2-py3-none-any.whl.metadata (14 kB)
2025-07-07T19:08:54.7615744Z Collecting Pillow (from sentence-transformers>=2.2.0->mcp-standards-server==0.1.0)
2025-07-07T19:08:54.7815495Z   Downloading pillow-11.3.0-cp312-cp312-manylinux_2_27_x86_64.manylinux_2_28_x86_64.whl.metadata (9.0 kB)
2025-07-07T19:08:54.8082471Z Collecting filelock (from transformers<5.0.0,>=4.41.0->sentence-transformers>=2.2.0->mcp-standards-server==0.1.0)
2025-07-07T19:08:54.8279381Z   Downloading filelock-3.18.0-py3-none-any.whl.metadata (2.9 kB)
2025-07-07T19:08:54.8926685Z Collecting requests (from transformers<5.0.0,>=4.41.0->sentence-transformers>=2.2.0->mcp-standards-server==0.1.0)
2025-07-07T19:08:54.9125221Z   Downloading requests-2.32.4-py3-none-any.whl.metadata (4.9 kB)
2025-07-07T19:08:55.0705019Z Collecting tokenizers<0.22,>=0.21 (from transformers<5.0.0,>=4.41.0->sentence-transformers>=2.2.0->mcp-standards-server==0.1.0)
2025-07-07T19:08:55.0906006Z   Downloading tokenizers-0.21.2-cp39-abi3-manylinux_2_17_x86_64.manylinux2014_x86_64.whl.metadata (6.8 kB)
2025-07-07T19:08:55.2034990Z Collecting safetensors>=0.4.3 (from transformers<5.0.0,>=4.41.0->sentence-transformers>=2.2.0->mcp-standards-server==0.1.0)
2025-07-07T19:08:55.2234247Z   Downloading safetensors-0.5.3-cp38-abi3-manylinux_2_17_x86_64.manylinux2014_x86_64.whl.metadata (3.8 kB)
2025-07-07T19:08:55.2708828Z Collecting fsspec>=2023.5.0 (from huggingface-hub>=0.20.0->sentence-transformers>=2.2.0->mcp-standards-server==0.1.0)
2025-07-07T19:08:55.2905248Z   Downloading fsspec-2025.5.1-py3-none-any.whl.metadata (11 kB)
2025-07-07T19:08:55.3677799Z Collecting hf-xet<2.0.0,>=1.1.2 (from huggingface-hub>=0.20.0->sentence-transformers>=2.2.0->mcp-standards-server==0.1.0)
2025-07-07T19:08:55.3879861Z   Downloading hf_xet-1.1.5-cp37-abi3-manylinux_2_17_x86_64.manylinux2014_x86_64.whl.metadata (879 bytes)
2025-07-07T19:08:55.5283671Z Collecting charset_normalizer<4,>=2 (from requests->transformers<5.0.0,>=4.41.0->sentence-transformers>=2.2.0->mcp-standards-server==0.1.0)
2025-07-07T19:08:55.5485417Z   Downloading charset_normalizer-3.4.2-cp312-cp312-manylinux_2_17_x86_64.manylinux2014_x86_64.whl.metadata (35 kB)
2025-07-07T19:08:55.5845374Z Collecting urllib3<3,>=1.21.1 (from requests->transformers<5.0.0,>=4.41.0->sentence-transformers>=2.2.0->mcp-standards-server==0.1.0)
2025-07-07T19:08:55.6041766Z   Downloading urllib3-2.5.0-py3-none-any.whl.metadata (6.5 kB)
2025-07-07T19:08:55.7381543Z Collecting setuptools (from torch>=1.11.0->sentence-transformers>=2.2.0->mcp-standards-server==0.1.0)
2025-07-07T19:08:55.7393730Z   Using cached setuptools-80.9.0-py3-none-any.whl.metadata (6.6 kB)
2025-07-07T19:08:55.7625561Z Collecting sympy>=1.13.3 (from torch>=1.11.0->sentence-transformers>=2.2.0->mcp-standards-server==0.1.0)
2025-07-07T19:08:55.7827253Z   Downloading sympy-1.14.0-py3-none-any.whl.metadata (12 kB)
2025-07-07T19:08:55.8072367Z Collecting networkx (from torch>=1.11.0->sentence-transformers>=2.2.0->mcp-standards-server==0.1.0)
2025-07-07T19:08:55.8272626Z   Downloading networkx-3.5-py3-none-any.whl.metadata (6.3 kB)
2025-07-07T19:08:55.8497116Z Collecting jinja2 (from torch>=1.11.0->sentence-transformers>=2.2.0->mcp-standards-server==0.1.0)
2025-07-07T19:08:55.8694239Z   Downloading jinja2-3.1.6-py3-none-any.whl.metadata (2.9 kB)
2025-07-07T19:08:55.8844127Z Collecting nvidia-cuda-nvrtc-cu12==12.6.77 (from torch>=1.11.0->sentence-transformers>=2.2.0->mcp-standards-server==0.1.0)
2025-07-07T19:08:55.9040933Z   Downloading nvidia_cuda_nvrtc_cu12-12.6.77-py3-none-manylinux2014_x86_64.whl.metadata (1.5 kB)
2025-07-07T19:08:55.9184372Z Collecting nvidia-cuda-runtime-cu12==12.6.77 (from torch>=1.11.0->sentence-transformers>=2.2.0->mcp-standards-server==0.1.0)
2025-07-07T19:08:55.9380856Z   Downloading nvidia_cuda_runtime_cu12-12.6.77-py3-none-manylinux2014_x86_64.manylinux_2_17_x86_64.whl.metadata (1.5 kB)
2025-07-07T19:08:55.9534558Z Collecting nvidia-cuda-cupti-cu12==12.6.80 (from torch>=1.11.0->sentence-transformers>=2.2.0->mcp-standards-server==0.1.0)
2025-07-07T19:08:55.9730429Z   Downloading nvidia_cuda_cupti_cu12-12.6.80-py3-none-manylinux2014_x86_64.manylinux_2_17_x86_64.whl.metadata (1.6 kB)
2025-07-07T19:08:55.9909162Z Collecting nvidia-cudnn-cu12==9.5.1.17 (from torch>=1.11.0->sentence-transformers>=2.2.0->mcp-standards-server==0.1.0)
2025-07-07T19:08:56.0104391Z   Downloading nvidia_cudnn_cu12-9.5.1.17-py3-none-manylinux_2_28_x86_64.whl.metadata (1.6 kB)
2025-07-07T19:08:56.0239345Z Collecting nvidia-cublas-cu12==12.6.4.1 (from torch>=1.11.0->sentence-transformers>=2.2.0->mcp-standards-server==0.1.0)
2025-07-07T19:08:56.0434741Z   Downloading nvidia_cublas_cu12-12.6.4.1-py3-none-manylinux2014_x86_64.manylinux_2_17_x86_64.whl.metadata (1.5 kB)
2025-07-07T19:08:56.0597107Z Collecting nvidia-cufft-cu12==11.3.0.4 (from torch>=1.11.0->sentence-transformers>=2.2.0->mcp-standards-server==0.1.0)
2025-07-07T19:08:56.0793282Z   Downloading nvidia_cufft_cu12-11.3.0.4-py3-none-manylinux2014_x86_64.manylinux_2_17_x86_64.whl.metadata (1.5 kB)
2025-07-07T19:08:56.0927886Z Collecting nvidia-curand-cu12==10.3.7.77 (from torch>=1.11.0->sentence-transformers>=2.2.0->mcp-standards-server==0.1.0)
2025-07-07T19:08:56.1126131Z   Downloading nvidia_curand_cu12-10.3.7.77-py3-none-manylinux2014_x86_64.manylinux_2_17_x86_64.whl.metadata (1.5 kB)
2025-07-07T19:08:56.1272572Z Collecting nvidia-cusolver-cu12==11.7.1.2 (from torch>=1.11.0->sentence-transformers>=2.2.0->mcp-standards-server==0.1.0)
2025-07-07T19:08:56.1469571Z   Downloading nvidia_cusolver_cu12-11.7.1.2-py3-none-manylinux2014_x86_64.manylinux_2_17_x86_64.whl.metadata (1.6 kB)
2025-07-07T19:08:56.1630398Z Collecting nvidia-cusparse-cu12==12.5.4.2 (from torch>=1.11.0->sentence-transformers>=2.2.0->mcp-standards-server==0.1.0)
2025-07-07T19:08:56.1834157Z   Downloading nvidia_cusparse_cu12-12.5.4.2-py3-none-manylinux2014_x86_64.manylinux_2_17_x86_64.whl.metadata (1.6 kB)
2025-07-07T19:08:56.1977771Z Collecting nvidia-cusparselt-cu12==0.6.3 (from torch>=1.11.0->sentence-transformers>=2.2.0->mcp-standards-server==0.1.0)
2025-07-07T19:08:56.2174980Z   Downloading nvidia_cusparselt_cu12-0.6.3-py3-none-manylinux2014_x86_64.whl.metadata (6.8 kB)
2025-07-07T19:08:56.2326089Z Collecting nvidia-nccl-cu12==2.26.2 (from torch>=1.11.0->sentence-transformers>=2.2.0->mcp-standards-server==0.1.0)
2025-07-07T19:08:56.2523334Z   Downloading nvidia_nccl_cu12-2.26.2-py3-none-manylinux2014_x86_64.manylinux_2_17_x86_64.whl.metadata (2.0 kB)
2025-07-07T19:08:56.2674071Z Collecting nvidia-nvtx-cu12==12.6.77 (from torch>=1.11.0->sentence-transformers>=2.2.0->mcp-standards-server==0.1.0)
2025-07-07T19:08:56.2871837Z   Downloading nvidia_nvtx_cu12-12.6.77-py3-none-manylinux2014_x86_64.manylinux_2_17_x86_64.whl.metadata (1.6 kB)
2025-07-07T19:08:56.3066775Z Collecting nvidia-nvjitlink-cu12==12.6.85 (from torch>=1.11.0->sentence-transformers>=2.2.0->mcp-standards-server==0.1.0)
2025-07-07T19:08:56.3270691Z   Downloading nvidia_nvjitlink_cu12-12.6.85-py3-none-manylinux2010_x86_64.manylinux_2_12_x86_64.whl.metadata (1.5 kB)
2025-07-07T19:08:56.3401501Z Collecting nvidia-cufile-cu12==1.11.1.6 (from torch>=1.11.0->sentence-transformers>=2.2.0->mcp-standards-server==0.1.0)
2025-07-07T19:08:56.3597251Z   Downloading nvidia_cufile_cu12-1.11.1.6-py3-none-manylinux2014_x86_64.manylinux_2_17_x86_64.whl.metadata (1.5 kB)
2025-07-07T19:08:56.3754027Z Collecting triton==3.3.1 (from torch>=1.11.0->sentence-transformers>=2.2.0->mcp-standards-server==0.1.0)
2025-07-07T19:08:56.3950635Z   Downloading triton-3.3.1-cp312-cp312-manylinux_2_27_x86_64.manylinux_2_28_x86_64.whl.metadata (1.5 kB)
2025-07-07T19:08:56.4922537Z Collecting mpmath<1.4,>=1.1.0 (from sympy>=1.13.3->torch>=1.11.0->sentence-transformers>=2.2.0->mcp-standards-server==0.1.0)
2025-07-07T19:08:56.5132200Z   Downloading mpmath-1.3.0-py3-none-any.whl.metadata (8.6 kB)
2025-07-07T19:08:56.5956243Z Collecting MarkupSafe>=2.0 (from jinja2->torch>=1.11.0->sentence-transformers>=2.2.0->mcp-standards-server==0.1.0)
2025-07-07T19:08:56.6153934Z   Downloading MarkupSafe-3.0.2-cp312-cp312-manylinux_2_17_x86_64.manylinux2014_x86_64.whl.metadata (4.0 kB)
2025-07-07T19:08:56.6496140Z Downloading aiohttp-3.12.13-cp312-cp312-manylinux_2_17_x86_64.manylinux2014_x86_64.whl (1.7 MB)
2025-07-07T19:08:56.7205646Z    ━━━━━━━━━━━━━━━━━━━━━━━━━━━━━━━━━━━━━━━━ 1.7/1.7 MB 31.1 MB/s eta 0:00:00
2025-07-07T19:08:56.7405260Z Downloading multidict-6.6.3-cp312-cp312-manylinux2014_x86_64.manylinux_2_17_x86_64.manylinux_2_28_x86_64.whl (256 kB)
2025-07-07T19:08:56.7646641Z Downloading yarl-1.20.1-cp312-cp312-manylinux_2_17_x86_64.manylinux2014_x86_64.whl (355 kB)
2025-07-07T19:08:56.7882763Z Downloading aiohappyeyeballs-2.6.1-py3-none-any.whl (15 kB)
2025-07-07T19:08:56.8113000Z Downloading aiosignal-1.4.0-py3-none-any.whl (7.5 kB)
2025-07-07T19:08:56.8331964Z Downloading asyncio-3.4.3-py3-none-any.whl (101 kB)
2025-07-07T19:08:56.8563855Z Downloading attrs-25.3.0-py3-none-any.whl (63 kB)
2025-07-07T19:08:56.8791968Z Downloading frozenlist-1.7.0-cp312-cp312-manylinux_2_5_x86_64.manylinux1_x86_64.manylinux_2_17_x86_64.manylinux2014_x86_64.whl (241 kB)
2025-07-07T19:08:56.9026761Z Downloading fuzzywuzzy-0.18.0-py2.py3-none-any.whl (18 kB)
2025-07-07T19:08:56.9259881Z Downloading idna-3.10-py3-none-any.whl (70 kB)
2025-07-07T19:08:56.9483497Z Downloading mcp-1.10.1-py3-none-any.whl (150 kB)
2025-07-07T19:08:56.9703404Z Downloading pydantic-2.11.7-py3-none-any.whl (444 kB)
2025-07-07T19:08:56.9950679Z Downloading pydantic_core-2.33.2-cp312-cp312-manylinux_2_17_x86_64.manylinux2014_x86_64.whl (2.0 MB)
2025-07-07T19:08:57.0217613Z    ━━━━━━━━━━━━━━━━━━━━━━━━━━━━━━━━━━━━━━━━ 2.0/2.0 MB 71.9 MB/s eta 0:00:00
2025-07-07T19:08:57.0413295Z Downloading annotated_types-0.7.0-py3-none-any.whl (13 kB)
2025-07-07T19:08:57.0629919Z Downloading anyio-4.9.0-py3-none-any.whl (100 kB)
2025-07-07T19:08:57.0861480Z Downloading httpx-0.28.1-py3-none-any.whl (73 kB)
2025-07-07T19:08:57.1085933Z Downloading httpcore-1.0.9-py3-none-any.whl (78 kB)
2025-07-07T19:08:57.1312146Z Downloading h11-0.16.0-py3-none-any.whl (37 kB)
2025-07-07T19:08:57.1531648Z Downloading httpx_sse-0.4.1-py3-none-any.whl (8.1 kB)
2025-07-07T19:08:57.1749493Z Downloading jsonschema-4.24.0-py3-none-any.whl (88 kB)
2025-07-07T19:08:57.1970401Z Downloading jsonschema_specifications-2025.4.1-py3-none-any.whl (18 kB)
2025-07-07T19:08:57.2250746Z Downloading memory_profiler-0.61.0-py3-none-any.whl (31 kB)
2025-07-07T19:08:57.2471318Z Downloading nltk-3.9.1-py3-none-any.whl (1.5 MB)
2025-07-07T19:08:57.2590459Z    ━━━━━━━━━━━━━━━━━━━━━━━━━━━━━━━━━━━━━━━━ 1.5/1.5 MB 130.1 MB/s eta 0:00:00
2025-07-07T19:08:57.2783802Z Downloading numpy-2.3.1-cp312-cp312-manylinux_2_28_x86_64.whl (16.6 MB)
2025-07-07T19:08:57.3923000Z    ━━━━━━━━━━━━━━━━━━━━━━━━━━━━━━━━━━━━━━━━ 16.6/16.6 MB 147.4 MB/s eta 0:00:00
2025-07-07T19:08:57.4123156Z Downloading propcache-0.3.2-cp312-cp312-manylinux_2_17_x86_64.manylinux2014_x86_64.whl (224 kB)
2025-07-07T19:08:57.4353885Z Downloading psutil-7.0.0-cp36-abi3-manylinux_2_12_x86_64.manylinux2010_x86_64.manylinux_2_17_x86_64.manylinux2014_x86_64.whl (277 kB)
2025-07-07T19:08:57.4590764Z Downloading pydantic_settings-2.10.1-py3-none-any.whl (45 kB)
2025-07-07T19:08:57.4810737Z Downloading pytest-8.4.1-py3-none-any.whl (365 kB)
2025-07-07T19:08:57.5041552Z Downloading pluggy-1.6.0-py3-none-any.whl (20 kB)
2025-07-07T19:08:57.5264189Z Downloading iniconfig-2.1.0-py3-none-any.whl (6.0 kB)
2025-07-07T19:08:57.5490833Z Downloading packaging-25.0-py3-none-any.whl (66 kB)
2025-07-07T19:08:57.5716341Z Downloading pygments-2.19.2-py3-none-any.whl (1.2 MB)
2025-07-07T19:08:57.5817486Z    ━━━━━━━━━━━━━━━━━━━━━━━━━━━━━━━━━━━━━━━━ 1.2/1.2 MB 125.8 MB/s eta 0:00:00
2025-07-07T19:08:57.6018093Z Downloading pytest_asyncio-1.0.0-py3-none-any.whl (15 kB)
2025-07-07T19:08:57.6243102Z Downloading pytest_benchmark-5.1.0-py3-none-any.whl (44 kB)
2025-07-07T19:08:57.6464558Z Downloading pytest_cov-6.2.1-py3-none-any.whl (24 kB)
2025-07-07T19:08:57.6683168Z Downloading coverage-7.9.2-cp312-cp312-manylinux_2_5_x86_64.manylinux1_x86_64.manylinux_2_17_x86_64.manylinux2014_x86_64.whl (245 kB)
2025-07-07T19:08:57.6914093Z Downloading pytest_timeout-2.4.0-py3-none-any.whl (14 kB)
2025-07-07T19:08:57.7129965Z Downloading pytest_xdist-3.8.0-py3-none-any.whl (46 kB)
2025-07-07T19:08:57.7346851Z Downloading execnet-2.1.1-py3-none-any.whl (40 kB)
2025-07-07T19:08:57.7563575Z Downloading python_dotenv-1.1.1-py3-none-any.whl (20 kB)
2025-07-07T19:08:57.7792293Z Downloading python_levenshtein-0.27.1-py3-none-any.whl (9.4 kB)
2025-07-07T19:08:57.8013901Z Downloading levenshtein-0.27.1-cp312-cp312-manylinux_2_17_x86_64.manylinux2014_x86_64.whl (159 kB)
2025-07-07T19:08:57.8251328Z Downloading rapidfuzz-3.13.0-cp312-cp312-manylinux_2_17_x86_64.manylinux2014_x86_64.whl (3.1 MB)
2025-07-07T19:08:57.8444350Z    ━━━━━━━━━━━━━━━━━━━━━━━━━━━━━━━━━━━━━━━━ 3.1/3.1 MB 164.1 MB/s eta 0:00:00
2025-07-07T19:08:57.8645462Z Downloading python_multipart-0.0.20-py3-none-any.whl (24 kB)
2025-07-07T19:08:57.8862532Z Downloading PyYAML-6.0.2-cp312-cp312-manylinux_2_17_x86_64.manylinux2014_x86_64.whl (767 kB)
2025-07-07T19:08:57.8943340Z    ━━━━━━━━━━━━━━━━━━━━━━━━━━━━━━━━━━━━━━━━ 767.5/767.5 kB 87.1 MB/s eta 0:00:00
2025-07-07T19:08:57.9139494Z Downloading redis-6.2.0-py3-none-any.whl (278 kB)
2025-07-07T19:08:57.9372458Z Downloading referencing-0.36.2-py3-none-any.whl (26 kB)
2025-07-07T19:08:57.9594735Z Downloading regex-2024.11.6-cp312-cp312-manylinux_2_17_x86_64.manylinux2014_x86_64.whl (796 kB)
2025-07-07T19:08:57.9669991Z    ━━━━━━━━━━━━━━━━━━━━━━━━━━━━━━━━━━━━━━━ 796.9/796.9 kB 106.3 MB/s eta 0:00:00
2025-07-07T19:08:57.9866583Z Downloading rpds_py-0.26.0-cp312-cp312-manylinux_2_17_x86_64.manylinux2014_x86_64.whl (386 kB)
2025-07-07T19:08:58.0126106Z Downloading scikit_learn-1.7.0-cp312-cp312-manylinux_2_17_x86_64.manylinux2014_x86_64.whl (12.5 MB)
2025-07-07T19:08:58.1177297Z    ━━━━━━━━━━━━━━━━━━━━━━━━━━━━━━━━━━━━━━━━ 12.5/12.5 MB 119.8 MB/s eta 0:00:00
2025-07-07T19:08:58.1379691Z Downloading joblib-1.5.1-py3-none-any.whl (307 kB)
2025-07-07T19:08:58.1612952Z Downloading scipy-1.16.0-cp312-cp312-manylinux2014_x86_64.manylinux_2_17_x86_64.whl (35.1 MB)
2025-07-07T19:08:58.3767726Z    ━━━━━━━━━━━━━━━━━━━━━━━━━━━━━━━━━━━━━━━━ 35.1/35.1 MB 163.4 MB/s eta 0:00:00
2025-07-07T19:08:58.3968789Z Downloading sentence_transformers-5.0.0-py3-none-any.whl (470 kB)
2025-07-07T19:08:58.4209473Z Downloading transformers-4.53.1-py3-none-any.whl (10.8 MB)
2025-07-07T19:08:58.4882089Z    ━━━━━━━━━━━━━━━━━━━━━━━━━━━━━━━━━━━━━━━━ 10.8/10.8 MB 163.0 MB/s eta 0:00:00
2025-07-07T19:08:58.5081409Z Downloading huggingface_hub-0.33.2-py3-none-any.whl (515 kB)
2025-07-07T19:08:58.5321714Z Downloading hf_xet-1.1.5-cp37-abi3-manylinux_2_17_x86_64.manylinux2014_x86_64.whl (3.1 MB)
2025-07-07T19:08:58.5501281Z    ━━━━━━━━━━━━━━━━━━━━━━━━━━━━━━━━━━━━━━━━ 3.1/3.1 MB 181.1 MB/s eta 0:00:00
2025-07-07T19:08:58.5706432Z Downloading tokenizers-0.21.2-cp39-abi3-manylinux_2_17_x86_64.manylinux2014_x86_64.whl (3.1 MB)
2025-07-07T19:08:58.5898083Z    ━━━━━━━━━━━━━━━━━━━━━━━━━━━━━━━━━━━━━━━━ 3.1/3.1 MB 181.3 MB/s eta 0:00:00
2025-07-07T19:08:58.6094671Z Downloading fsspec-2025.5.1-py3-none-any.whl (199 kB)
2025-07-07T19:08:58.6322783Z Downloading safetensors-0.5.3-cp38-abi3-manylinux_2_17_x86_64.manylinux2014_x86_64.whl (471 kB)
2025-07-07T19:08:58.6556559Z Downloading sniffio-1.3.1-py3-none-any.whl (10 kB)
2025-07-07T19:08:58.6778849Z Downloading sse_starlette-2.4.1-py3-none-any.whl (10 kB)
2025-07-07T19:08:58.7003808Z Downloading starlette-0.47.1-py3-none-any.whl (72 kB)
2025-07-07T19:08:58.7242822Z Downloading threadpoolctl-3.6.0-py3-none-any.whl (18 kB)
2025-07-07T19:08:58.7461447Z Downloading tiktoken-0.9.0-cp312-cp312-manylinux_2_17_x86_64.manylinux2014_x86_64.whl (1.2 MB)
2025-07-07T19:08:58.7553858Z    ━━━━━━━━━━━━━━━━━━━━━━━━━━━━━━━━━━━━━━━━ 1.2/1.2 MB 134.6 MB/s eta 0:00:00
2025-07-07T19:08:58.7749012Z Downloading requests-2.32.4-py3-none-any.whl (64 kB)
2025-07-07T19:08:58.7969547Z Downloading charset_normalizer-3.4.2-cp312-cp312-manylinux_2_17_x86_64.manylinux2014_x86_64.whl (148 kB)
2025-07-07T19:08:58.8194344Z Downloading urllib3-2.5.0-py3-none-any.whl (129 kB)
2025-07-07T19:08:58.8418919Z Downloading certifi-2025.6.15-py3-none-any.whl (157 kB)
2025-07-07T19:08:58.8641205Z Downloading torch-2.7.1-cp312-cp312-manylinux_2_28_x86_64.whl (821.0 MB)
2025-07-07T19:09:05.8932161Z    ━━━━━━━━━━━━━━━━━━━━━━━━━━━━━━━━━━━━━━━━ 821.0/821.0 MB 56.4 MB/s eta 0:00:00
2025-07-07T19:09:05.9132539Z Downloading nvidia_cublas_cu12-12.6.4.1-py3-none-manylinux2014_x86_64.manylinux_2_17_x86_64.whl (393.1 MB)
2025-07-07T19:09:08.7790477Z    ━━━━━━━━━━━━━━━━━━━━━━━━━━━━━━━━━━━━━━━ 393.1/393.1 MB 113.8 MB/s eta 0:00:00
2025-07-07T19:09:08.7992720Z Downloading nvidia_cuda_cupti_cu12-12.6.80-py3-none-manylinux2014_x86_64.manylinux_2_17_x86_64.whl (8.9 MB)
2025-07-07T19:09:08.8580306Z    ━━━━━━━━━━━━━━━━━━━━━━━━━━━━━━━━━━━━━━━━ 8.9/8.9 MB 154.3 MB/s eta 0:00:00
2025-07-07T19:09:08.8780466Z Downloading nvidia_cuda_nvrtc_cu12-12.6.77-py3-none-manylinux2014_x86_64.whl (23.7 MB)
2025-07-07T19:09:09.0243901Z    ━━━━━━━━━━━━━━━━━━━━━━━━━━━━━━━━━━━━━━━━ 23.7/23.7 MB 162.7 MB/s eta 0:00:00
2025-07-07T19:09:09.0444278Z Downloading nvidia_cuda_runtime_cu12-12.6.77-py3-none-manylinux2014_x86_64.manylinux_2_17_x86_64.whl (897 kB)
2025-07-07T19:09:09.0529659Z    ━━━━━━━━━━━━━━━━━━━━━━━━━━━━━━━━━━━━━━━ 897.7/897.7 kB 108.5 MB/s eta 0:00:00
2025-07-07T19:09:09.0727529Z Downloading nvidia_cudnn_cu12-9.5.1.17-py3-none-manylinux_2_28_x86_64.whl (571.0 MB)
2025-07-07T19:09:14.2942248Z    ━━━━━━━━━━━━━━━━━━━━━━━━━━━━━━━━━━━━━━━━ 571.0/571.0 MB 67.0 MB/s eta 0:00:00
2025-07-07T19:09:14.3149521Z Downloading nvidia_cufft_cu12-11.3.0.4-py3-none-manylinux2014_x86_64.manylinux_2_17_x86_64.whl (200.2 MB)
2025-07-07T19:09:15.8236932Z    ━━━━━━━━━━━━━━━━━━━━━━━━━━━━━━━━━━━━━━━ 200.2/200.2 MB 132.8 MB/s eta 0:00:00
2025-07-07T19:09:15.8434401Z Downloading nvidia_cufile_cu12-1.11.1.6-py3-none-manylinux2014_x86_64.manylinux_2_17_x86_64.whl (1.1 MB)
2025-07-07T19:09:15.8551880Z    ━━━━━━━━━━━━━━━━━━━━━━━━━━━━━━━━━━━━━━━━ 1.1/1.1 MB 93.1 MB/s eta 0:00:00
2025-07-07T19:09:15.8747491Z Downloading nvidia_curand_cu12-10.3.7.77-py3-none-manylinux2014_x86_64.manylinux_2_17_x86_64.whl (56.3 MB)
2025-07-07T19:09:16.2811270Z    ━━━━━━━━━━━━━━━━━━━━━━━━━━━━━━━━━━━━━━━━ 56.3/56.3 MB 138.7 MB/s eta 0:00:00
2025-07-07T19:09:16.3013634Z Downloading nvidia_cusolver_cu12-11.7.1.2-py3-none-manylinux2014_x86_64.manylinux_2_17_x86_64.whl (158.2 MB)
2025-07-07T19:09:17.4206468Z    ━━━━━━━━━━━━━━━━━━━━━━━━━━━━━━━━━━━━━━━ 158.2/158.2 MB 141.5 MB/s eta 0:00:00
2025-07-07T19:09:17.4408949Z Downloading nvidia_cusparse_cu12-12.5.4.2-py3-none-manylinux2014_x86_64.manylinux_2_17_x86_64.whl (216.6 MB)
2025-07-07T19:09:19.7695628Z    ━━━━━━━━━━━━━━━━━━━━━━━━━━━━━━━━━━━━━━━━ 216.6/216.6 MB 93.0 MB/s eta 0:00:00
2025-07-07T19:09:19.7896857Z Downloading nvidia_cusparselt_cu12-0.6.3-py3-none-manylinux2014_x86_64.whl (156.8 MB)
2025-07-07T19:09:20.8489174Z    ━━━━━━━━━━━━━━━━━━━━━━━━━━━━━━━━━━━━━━━ 156.8/156.8 MB 148.2 MB/s eta 0:00:00
2025-07-07T19:09:20.8690013Z Downloading nvidia_nccl_cu12-2.26.2-py3-none-manylinux2014_x86_64.manylinux_2_17_x86_64.whl (201.3 MB)
2025-07-07T19:09:22.9681501Z    ━━━━━━━━━━━━━━━━━━━━━━━━━━━━━━━━━━━━━━━━ 201.3/201.3 MB 95.9 MB/s eta 0:00:00
2025-07-07T19:09:22.9888309Z Downloading nvidia_nvjitlink_cu12-12.6.85-py3-none-manylinux2010_x86_64.manylinux_2_12_x86_64.whl (19.7 MB)
2025-07-07T19:09:23.1842993Z    ━━━━━━━━━━━━━━━━━━━━━━━━━━━━━━━━━━━━━━━━ 19.7/19.7 MB 101.1 MB/s eta 0:00:00
2025-07-07T19:09:23.2041543Z Downloading nvidia_nvtx_cu12-12.6.77-py3-none-manylinux2014_x86_64.manylinux_2_17_x86_64.whl (89 kB)
2025-07-07T19:09:23.2264521Z Downloading triton-3.3.1-cp312-cp312-manylinux_2_27_x86_64.manylinux_2_28_x86_64.whl (155.7 MB)
2025-07-07T19:09:24.9069130Z    ━━━━━━━━━━━━━━━━━━━━━━━━━━━━━━━━━━━━━━━━ 155.7/155.7 MB 92.7 MB/s eta 0:00:00
2025-07-07T19:09:24.9082275Z Using cached setuptools-80.9.0-py3-none-any.whl (1.2 MB)
2025-07-07T19:09:24.9291858Z Downloading sympy-1.14.0-py3-none-any.whl (6.3 MB)
2025-07-07T19:09:24.9990897Z    ━━━━━━━━━━━━━━━━━━━━━━━━━━━━━━━━━━━━━━━━ 6.3/6.3 MB 89.6 MB/s eta 0:00:00
2025-07-07T19:09:25.0192998Z Downloading mpmath-1.3.0-py3-none-any.whl (536 kB)
2025-07-07T19:09:25.0265609Z    ━━━━━━━━━━━━━━━━━━━━━━━━━━━━━━━━━━━━━━━━ 536.2/536.2 kB 59.4 MB/s eta 0:00:00
2025-07-07T19:09:25.0459786Z Downloading tqdm-4.67.1-py3-none-any.whl (78 kB)
2025-07-07T19:09:25.0689139Z Downloading typing_extensions-4.14.1-py3-none-any.whl (43 kB)
2025-07-07T19:09:25.0964234Z Downloading typing_inspection-0.4.1-py3-none-any.whl (14 kB)
2025-07-07T19:09:25.1180584Z Downloading uvicorn-0.35.0-py3-none-any.whl (66 kB)
2025-07-07T19:09:25.1411219Z Downloading click-8.2.1-py3-none-any.whl (102 kB)
2025-07-07T19:09:25.1633676Z Downloading filelock-3.18.0-py3-none-any.whl (16 kB)
2025-07-07T19:09:25.1848516Z Downloading jinja2-3.1.6-py3-none-any.whl (134 kB)
2025-07-07T19:09:25.2071749Z Downloading MarkupSafe-3.0.2-cp312-cp312-manylinux_2_17_x86_64.manylinux2014_x86_64.whl (23 kB)
2025-07-07T19:09:25.2289902Z Downloading networkx-3.5-py3-none-any.whl (2.0 MB)
2025-07-07T19:09:25.2502169Z    ━━━━━━━━━━━━━━━━━━━━━━━━━━━━━━━━━━━━━━━━ 2.0/2.0 MB 95.8 MB/s eta 0:00:00
2025-07-07T19:09:25.2699284Z Downloading pillow-11.3.0-cp312-cp312-manylinux_2_27_x86_64.manylinux_2_28_x86_64.whl (6.6 MB)
2025-07-07T19:09:25.3426352Z    ━━━━━━━━━━━━━━━━━━━━━━━━━━━━━━━━━━━━━━━━ 6.6/6.6 MB 91.1 MB/s eta 0:00:00
2025-07-07T19:09:25.3621993Z Downloading py_cpuinfo-9.0.0-py3-none-any.whl (22 kB)
2025-07-07T19:09:27.7093294Z Building wheels for collected packages: mcp-standards-server
2025-07-07T19:09:27.7102107Z   Building editable for mcp-standards-server (pyproject.toml): started
2025-07-07T19:09:28.3981045Z   Building editable for mcp-standards-server (pyproject.toml): finished with status 'done'
2025-07-07T19:09:28.3987182Z   Created wheel for mcp-standards-server: filename=mcp_standards_server-0.1.0-0.editable-py3-none-any.whl size=4510 sha256=82d5a7678b24212ade6fd9e79de65709e0d8a65a75a7be029f9f33be05f4a28d
2025-07-07T19:09:28.3989176Z   Stored in directory: /tmp/pip-ephem-wheel-cache-d28g6quo/wheels/dd/e9/62/db7f116bca728a371afc19aa161b047b68653e2efa659ab845
2025-07-07T19:09:28.4013438Z Successfully built mcp-standards-server
2025-07-07T19:09:28.6742072Z Installing collected packages: py-cpuinfo, nvidia-cusparselt-cu12, mpmath, fuzzywuzzy, asyncio, urllib3, typing-extensions, tqdm, threadpoolctl, sympy, sniffio, setuptools, safetensors, rpds-py, regex, redis, rapidfuzz, pyyaml, python-multipart, python-dotenv, pygments, psutil, propcache, pluggy, Pillow, packaging, nvidia-nvtx-cu12, nvidia-nvjitlink-cu12, nvidia-nccl-cu12, nvidia-curand-cu12, nvidia-cufile-cu12, nvidia-cuda-runtime-cu12, nvidia-cuda-nvrtc-cu12, nvidia-cuda-cupti-cu12, nvidia-cublas-cu12, numpy, networkx, multidict, MarkupSafe, joblib, iniconfig, idna, httpx-sse, hf-xet, h11, fsspec, frozenlist, filelock, execnet, coverage, click, charset_normalizer, certifi, attrs, annotated-types, aiohappyeyeballs, yarl, uvicorn, typing-inspection, triton, scipy, requests, referencing, pytest, pydantic-core, nvidia-cusparse-cu12, nvidia-cufft-cu12, nvidia-cudnn-cu12, nltk, memory-profiler, Levenshtein, jinja2, httpcore, anyio, aiosignal, tiktoken, starlette, sse-starlette, scikit-learn, python-Levenshtein, pytest-xdist, pytest-timeout, pytest-cov, pytest-benchmark, pytest-asyncio, pydantic, nvidia-cusolver-cu12, jsonschema-specifications, huggingface-hub, httpx, aiohttp, torch, tokenizers, pydantic-settings, jsonschema, transformers, mcp, sentence-transformers, mcp-standards-server
2025-07-07T19:10:33.2457155Z 
2025-07-07T19:10:33.2546373Z Successfully installed Levenshtein-0.27.1 MarkupSafe-3.0.2 Pillow-11.3.0 aiohappyeyeballs-2.6.1 aiohttp-3.12.13 aiosignal-1.4.0 annotated-types-0.7.0 anyio-4.9.0 asyncio-3.4.3 attrs-25.3.0 certifi-2025.6.15 charset_normalizer-3.4.2 click-8.2.1 coverage-7.9.2 execnet-2.1.1 filelock-3.18.0 frozenlist-1.7.0 fsspec-2025.5.1 fuzzywuzzy-0.18.0 h11-0.16.0 hf-xet-1.1.5 httpcore-1.0.9 httpx-0.28.1 httpx-sse-0.4.1 huggingface-hub-0.33.2 idna-3.10 iniconfig-2.1.0 jinja2-3.1.6 joblib-1.5.1 jsonschema-4.24.0 jsonschema-specifications-2025.4.1 mcp-1.10.1 mcp-standards-server-0.1.0 memory-profiler-0.61.0 mpmath-1.3.0 multidict-6.6.3 networkx-3.5 nltk-3.9.1 numpy-2.3.1 nvidia-cublas-cu12-12.6.4.1 nvidia-cuda-cupti-cu12-12.6.80 nvidia-cuda-nvrtc-cu12-12.6.77 nvidia-cuda-runtime-cu12-12.6.77 nvidia-cudnn-cu12-9.5.1.17 nvidia-cufft-cu12-11.3.0.4 nvidia-cufile-cu12-1.11.1.6 nvidia-curand-cu12-10.3.7.77 nvidia-cusolver-cu12-11.7.1.2 nvidia-cusparse-cu12-12.5.4.2 nvidia-cusparselt-cu12-0.6.3 nvidia-nccl-cu12-2.26.2 nvidia-nvjitlink-cu12-12.6.85 nvidia-nvtx-cu12-12.6.77 packaging-25.0 pluggy-1.6.0 propcache-0.3.2 psutil-7.0.0 py-cpuinfo-9.0.0 pydantic-2.11.7 pydantic-core-2.33.2 pydantic-settings-2.10.1 pygments-2.19.2 pytest-8.4.1 pytest-asyncio-1.0.0 pytest-benchmark-5.1.0 pytest-cov-6.2.1 pytest-timeout-2.4.0 pytest-xdist-3.8.0 python-Levenshtein-0.27.1 python-dotenv-1.1.1 python-multipart-0.0.20 pyyaml-6.0.2 rapidfuzz-3.13.0 redis-6.2.0 referencing-0.36.2 regex-2024.11.6 requests-2.32.4 rpds-py-0.26.0 safetensors-0.5.3 scikit-learn-1.7.0 scipy-1.16.0 sentence-transformers-5.0.0 setuptools-80.9.0 sniffio-1.3.1 sse-starlette-2.4.1 starlette-0.47.1 sympy-1.14.0 threadpoolctl-3.6.0 tiktoken-0.9.0 tokenizers-0.21.2 torch-2.7.1 tqdm-4.67.1 transformers-4.53.1 triton-3.3.1 typing-extensions-4.14.1 typing-inspection-0.4.1 urllib3-2.5.0 uvicorn-0.35.0 yarl-1.20.1
2025-07-07T19:10:35.1684598Z Requirement already satisfied: pytest-asyncio in /opt/hostedtoolcache/Python/3.12.11/x64/lib/python3.12/site-packages (1.0.0)
2025-07-07T19:10:35.1689319Z Requirement already satisfied: pytest-benchmark in /opt/hostedtoolcache/Python/3.12.11/x64/lib/python3.12/site-packages (5.1.0)
2025-07-07T19:10:35.1694305Z Requirement already satisfied: pytest-timeout in /opt/hostedtoolcache/Python/3.12.11/x64/lib/python3.12/site-packages (2.4.0)
2025-07-07T19:10:35.1705874Z Requirement already satisfied: pytest<9,>=8.2 in /opt/hostedtoolcache/Python/3.12.11/x64/lib/python3.12/site-packages (from pytest-asyncio) (8.4.1)
2025-07-07T19:10:35.1727622Z Requirement already satisfied: iniconfig>=1 in /opt/hostedtoolcache/Python/3.12.11/x64/lib/python3.12/site-packages (from pytest<9,>=8.2->pytest-asyncio) (2.1.0)
2025-07-07T19:10:35.1733685Z Requirement already satisfied: packaging>=20 in /opt/hostedtoolcache/Python/3.12.11/x64/lib/python3.12/site-packages (from pytest<9,>=8.2->pytest-asyncio) (25.0)
2025-07-07T19:10:35.1740507Z Requirement already satisfied: pluggy<2,>=1.5 in /opt/hostedtoolcache/Python/3.12.11/x64/lib/python3.12/site-packages (from pytest<9,>=8.2->pytest-asyncio) (1.6.0)
2025-07-07T19:10:35.1746682Z Requirement already satisfied: pygments>=2.7.2 in /opt/hostedtoolcache/Python/3.12.11/x64/lib/python3.12/site-packages (from pytest<9,>=8.2->pytest-asyncio) (2.19.2)
2025-07-07T19:10:35.1779546Z Requirement already satisfied: py-cpuinfo in /opt/hostedtoolcache/Python/3.12.11/x64/lib/python3.12/site-packages (from pytest-benchmark) (9.0.0)
2025-07-07T19:10:35.8067945Z Requirement already satisfied: memory-profiler in /opt/hostedtoolcache/Python/3.12.11/x64/lib/python3.12/site-packages (0.61.0)
2025-07-07T19:10:35.8071613Z Requirement already satisfied: psutil in /opt/hostedtoolcache/Python/3.12.11/x64/lib/python3.12/site-packages (7.0.0)
2025-07-07T19:10:36.4417200Z Requirement already satisfied: coverage in /opt/hostedtoolcache/Python/3.12.11/x64/lib/python3.12/site-packages (7.9.2)
2025-07-07T19:10:36.4421143Z Requirement already satisfied: pytest-cov in /opt/hostedtoolcache/Python/3.12.11/x64/lib/python3.12/site-packages (6.2.1)
2025-07-07T19:10:36.4443942Z Requirement already satisfied: pytest>=6.2.5 in /opt/hostedtoolcache/Python/3.12.11/x64/lib/python3.12/site-packages (from pytest-cov) (8.4.1)
2025-07-07T19:10:36.4456382Z Requirement already satisfied: pluggy>=1.2 in /opt/hostedtoolcache/Python/3.12.11/x64/lib/python3.12/site-packages (from pytest-cov) (1.6.0)
2025-07-07T19:10:36.4486926Z Requirement already satisfied: iniconfig>=1 in /opt/hostedtoolcache/Python/3.12.11/x64/lib/python3.12/site-packages (from pytest>=6.2.5->pytest-cov) (2.1.0)
2025-07-07T19:10:36.4492212Z Requirement already satisfied: packaging>=20 in /opt/hostedtoolcache/Python/3.12.11/x64/lib/python3.12/site-packages (from pytest>=6.2.5->pytest-cov) (25.0)
2025-07-07T19:10:36.4499838Z Requirement already satisfied: pygments>=2.7.2 in /opt/hostedtoolcache/Python/3.12.11/x64/lib/python3.12/site-packages (from pytest>=6.2.5->pytest-cov) (2.19.2)
2025-07-07T19:10:36.6979176Z ##[group]Run redis-server --daemonize yes
2025-07-07T19:10:36.6979517Z [36;1mredis-server --daemonize yes[0m
2025-07-07T19:10:36.6979757Z [36;1msleep 2[0m
2025-07-07T19:10:36.6979935Z [36;1mredis-cli ping[0m
2025-07-07T19:10:36.7049066Z shell: /usr/bin/bash -e {0}
2025-07-07T19:10:36.7049285Z env:
2025-07-07T19:10:36.7049457Z   PYTHON_VERSION: 3.11
2025-07-07T19:10:36.7049659Z   COVERAGE_THRESHOLD: 80
2025-07-07T19:10:36.7049928Z   pythonLocation: /opt/hostedtoolcache/Python/3.12.11/x64
2025-07-07T19:10:36.7050330Z   PKG_CONFIG_PATH: /opt/hostedtoolcache/Python/3.12.11/x64/lib/pkgconfig
2025-07-07T19:10:36.7050709Z   Python_ROOT_DIR: /opt/hostedtoolcache/Python/3.12.11/x64
2025-07-07T19:10:36.7051038Z   Python2_ROOT_DIR: /opt/hostedtoolcache/Python/3.12.11/x64
2025-07-07T19:10:36.7051371Z   Python3_ROOT_DIR: /opt/hostedtoolcache/Python/3.12.11/x64
2025-07-07T19:10:36.7051701Z   LD_LIBRARY_PATH: /opt/hostedtoolcache/Python/3.12.11/x64/lib
2025-07-07T19:10:36.7052013Z ##[endgroup]
2025-07-07T19:10:38.7870693Z PONG
2025-07-07T19:10:38.7908440Z ##[group]Run pytest tests/e2e/ --cov=src --cov-report=term-missing --cov-report=xml --cov-report=html --timeout=300 -v
2025-07-07T19:10:38.7909201Z [36;1mpytest tests/e2e/ --cov=src --cov-report=term-missing --cov-report=xml --cov-report=html --timeout=300 -v[0m
2025-07-07T19:10:38.7965674Z shell: /usr/bin/bash -e {0}
2025-07-07T19:10:38.7965892Z env:
2025-07-07T19:10:38.7966057Z   PYTHON_VERSION: 3.11
2025-07-07T19:10:38.7966255Z   COVERAGE_THRESHOLD: 80
2025-07-07T19:10:38.7966522Z   pythonLocation: /opt/hostedtoolcache/Python/3.12.11/x64
2025-07-07T19:10:38.7966906Z   PKG_CONFIG_PATH: /opt/hostedtoolcache/Python/3.12.11/x64/lib/pkgconfig
2025-07-07T19:10:38.7967284Z   Python_ROOT_DIR: /opt/hostedtoolcache/Python/3.12.11/x64
2025-07-07T19:10:38.7967612Z   Python2_ROOT_DIR: /opt/hostedtoolcache/Python/3.12.11/x64
2025-07-07T19:10:38.7967948Z   Python3_ROOT_DIR: /opt/hostedtoolcache/Python/3.12.11/x64
2025-07-07T19:10:38.7968323Z   LD_LIBRARY_PATH: /opt/hostedtoolcache/Python/3.12.11/x64/lib
2025-07-07T19:10:38.7968740Z   PYTHONPATH: /home/runner/work/mcp-standards-server/mcp-standards-server
2025-07-07T19:10:38.7969083Z   MCP_TEST_MODE: true
2025-07-07T19:10:38.7969268Z ##[endgroup]
2025-07-07T19:10:40.3343645Z ============================= test session starts ==============================
2025-07-07T19:10:40.3344368Z platform linux -- Python 3.12.11, pytest-8.4.1, pluggy-1.6.0 -- /opt/hostedtoolcache/Python/3.12.11/x64/bin/python
2025-07-07T19:10:40.3345158Z cachedir: .pytest_cache
2025-07-07T19:10:40.3345902Z benchmark: 5.1.0 (defaults: timer=time.perf_counter disable_gc=False min_rounds=5 min_time=0.000005 max_time=1.0 calibration_precision=10 warmup=False warmup_iterations=100000)
2025-07-07T19:10:40.3346795Z rootdir: /home/runner/work/mcp-standards-server/mcp-standards-server
2025-07-07T19:10:40.3347204Z configfile: pytest.ini
2025-07-07T19:10:40.3347624Z plugins: asyncio-1.0.0, benchmark-5.1.0, xdist-3.8.0, timeout-2.4.0, anyio-4.9.0, cov-6.2.1
2025-07-07T19:10:40.3348265Z asyncio: mode=Mode.AUTO, asyncio_default_fixture_loop_scope=None, asyncio_default_test_loop_scope=function
2025-07-07T19:10:40.3348695Z timeout: 300.0s
2025-07-07T19:10:40.3348875Z timeout method: signal
2025-07-07T19:10:40.3349060Z timeout func_only: False
2025-07-07T19:10:42.1772954Z collecting ... collected 33 items
2025-07-07T19:10:42.1773388Z 
2025-07-07T19:10:43.2130141Z tests/e2e/test_mcp_server.py::TestMCPServerStartupShutdown::test_server_starts_successfully PASSED [  3%]
2025-07-07T19:10:44.2862776Z tests/e2e/test_mcp_server.py::TestMCPServerStartupShutdown::test_server_handles_graceful_shutdown FAILED [  6%]
2025-07-07T19:10:45.3291849Z tests/e2e/test_mcp_server.py::TestMCPServerStartupShutdown::test_server_handles_multiple_connections FAILED [  9%]
2025-07-07T19:10:46.3730804Z tests/e2e/test_mcp_server.py::TestMCPTools::test_get_applicable_standards ERROR [ 12%]
2025-07-07T19:10:47.4178169Z tests/e2e/test_mcp_server.py::TestMCPTools::test_validate_against_standard ERROR [ 15%]
2025-07-07T19:10:48.4669169Z tests/e2e/test_mcp_server.py::TestMCPTools::test_search_standards ERROR  [ 18%]
2025-07-07T19:10:49.5117757Z tests/e2e/test_mcp_server.py::TestMCPTools::test_get_standard_details ERROR [ 21%]
2025-07-07T19:10:50.5555489Z tests/e2e/test_mcp_server.py::TestMCPTools::test_list_available_standards ERROR [ 24%]
2025-07-07T19:10:51.5996999Z tests/e2e/test_mcp_server.py::TestMCPTools::test_suggest_improvements ERROR [ 27%]
2025-07-07T19:10:52.6433952Z tests/e2e/test_mcp_server.py::TestStandardsSynchronization::test_sync_standards_workflow ERROR [ 30%]
2025-07-07T19:10:53.6875777Z tests/e2e/test_mcp_server.py::TestStandardsSynchronization::test_sync_with_rate_limiting ERROR [ 33%]
2025-07-07T19:10:54.7318018Z tests/e2e/test_mcp_server.py::TestRuleEngineIntegration::test_rule_evaluation_through_mcp ERROR [ 36%]
2025-07-07T19:10:55.7754628Z tests/e2e/test_mcp_server.py::TestRuleEngineIntegration::test_rule_priority_resolution ERROR [ 39%]
2025-07-07T19:10:56.8239359Z tests/e2e/test_mcp_server.py::TestSemanticSearchFunctionality::test_semantic_search_quality ERROR [ 42%]
2025-07-07T19:10:57.8672751Z tests/e2e/test_mcp_server.py::TestSemanticSearchFunctionality::test_search_with_filters ERROR [ 45%]
2025-07-07T19:10:58.9108730Z tests/e2e/test_mcp_server.py::TestErrorHandling::test_invalid_tool_name ERROR [ 48%]
2025-07-07T19:10:59.9541554Z tests/e2e/test_mcp_server.py::TestErrorHandling::test_invalid_parameters ERROR [ 51%]
2025-07-07T19:11:00.9960482Z tests/e2e/test_mcp_server.py::TestErrorHandling::test_malformed_context ERROR [ 54%]
2025-07-07T19:11:02.0400000Z tests/e2e/test_mcp_server.py::TestErrorHandling::test_server_timeout_handling ERROR [ 57%]
2025-07-07T19:11:03.0826682Z tests/e2e/test_mcp_server.py::TestConcurrentRequests::test_concurrent_tool_calls ERROR [ 60%]
2025-07-07T19:11:04.1272425Z tests/e2e/test_mcp_server.py::TestConcurrentRequests::test_concurrent_search_requests ERROR [ 63%]
2025-07-07T19:11:05.1851888Z tests/e2e/test_mcp_server.py::TestCachingBehavior::test_standards_caching ERROR [ 66%]
2025-07-07T19:11:06.2276265Z tests/e2e/test_mcp_server.py::TestCachingBehavior::test_cache_invalidation ERROR [ 69%]
2025-07-07T19:11:06.2447705Z tests/e2e/test_performance.py::TestLoadPerformance::test_concurrent_standard_requests ERROR [ 72%]
2025-07-07T19:11:06.2600593Z tests/e2e/test_performance.py::TestLoadPerformance::test_search_performance ERROR [ 75%]
2025-07-07T19:11:06.2758819Z tests/e2e/test_performance.py::TestLoadPerformance::test_mixed_workload_performance ERROR [ 78%]
2025-07-07T19:11:06.2927226Z tests/e2e/test_performance.py::TestMemoryPerformance::test_memory_usage_under_load ERROR [ 81%]
2025-07-07T19:11:06.3096030Z tests/e2e/test_performance.py::TestMemoryPerformance::test_cache_memory_management ERROR [ 84%]
2025-07-07T19:11:06.3244741Z tests/e2e/test_performance.py::TestResponseTimeBenchmarks::test_standard_selection_benchmark ERROR [ 87%]
2025-07-07T19:11:06.3392931Z tests/e2e/test_performance.py::TestResponseTimeBenchmarks::test_search_benchmark ERROR [ 90%]
2025-07-07T19:11:06.3572068Z tests/e2e/test_performance.py::TestResponseTimeBenchmarks::test_validation_benchmark ERROR [ 93%]
2025-07-07T19:11:06.3724324Z tests/e2e/test_performance.py::TestScalabilityLimits::test_max_concurrent_connections ERROR [ 96%]
2025-07-07T19:11:07.2406896Z tests/e2e/test_performance.py::TestScalabilityLimits::test_large_response_handling ERROR [100%]
2025-07-07T19:11:07.2407937Z ERROR: Coverage failure: total of 9 is less than fail-under=80
2025-07-07T19:11:07.2408357Z 
2025-07-07T19:11:07.2408365Z 
2025-07-07T19:11:07.2408537Z ==================================== ERRORS ====================================
2025-07-07T19:11:07.2409196Z _________ ERROR at setup of TestMCPTools.test_get_applicable_standards _________
2025-07-07T19:11:07.2409853Z tests/e2e/test_mcp_server.py:94: in mcp_client
2025-07-07T19:11:07.2410405Z     async with client.connect() as connected_client:
2025-07-07T19:11:07.2410865Z                ^^^^^^^^^^^^^^^^
2025-07-07T19:11:07.2411564Z E   TypeError: 'async_generator' object does not support the asynchronous context manager protocol
2025-07-07T19:11:07.2412492Z ________ ERROR at setup of TestMCPTools.test_validate_against_standard _________
2025-07-07T19:11:07.2413151Z tests/e2e/test_mcp_server.py:94: in mcp_client
2025-07-07T19:11:07.2413667Z     async with client.connect() as connected_client:
2025-07-07T19:11:07.2414130Z                ^^^^^^^^^^^^^^^^
2025-07-07T19:11:07.2414989Z E   TypeError: 'async_generator' object does not support the asynchronous context manager protocol
2025-07-07T19:11:07.2415904Z _____________ ERROR at setup of TestMCPTools.test_search_standards _____________
2025-07-07T19:11:07.2416554Z tests/e2e/test_mcp_server.py:94: in mcp_client
2025-07-07T19:11:07.2417061Z     async with client.connect() as connected_client:
2025-07-07T19:11:07.2417519Z                ^^^^^^^^^^^^^^^^
2025-07-07T19:11:07.2418189Z E   TypeError: 'async_generator' object does not support the asynchronous context manager protocol
2025-07-07T19:11:07.2419401Z ___________ ERROR at setup of TestMCPTools.test_get_standard_details ___________
2025-07-07T19:11:07.2420087Z tests/e2e/test_mcp_server.py:94: in mcp_client
2025-07-07T19:11:07.2420617Z     async with client.connect() as connected_client:
2025-07-07T19:11:07.2421124Z                ^^^^^^^^^^^^^^^^
2025-07-07T19:11:07.2421795Z E   TypeError: 'async_generator' object does not support the asynchronous context manager protocol
2025-07-07T19:11:07.2423089Z _________ ERROR at setup of TestMCPTools.test_list_available_standards _________
2025-07-07T19:11:07.2423777Z tests/e2e/test_mcp_server.py:94: in mcp_client
2025-07-07T19:11:07.2424311Z     async with client.connect() as connected_client:
2025-07-07T19:11:07.2424954Z                ^^^^^^^^^^^^^^^^
2025-07-07T19:11:07.2425641Z E   TypeError: 'async_generator' object does not support the asynchronous context manager protocol
2025-07-07T19:11:07.2426567Z ___________ ERROR at setup of TestMCPTools.test_suggest_improvements ___________
2025-07-07T19:11:07.2427228Z tests/e2e/test_mcp_server.py:94: in mcp_client
2025-07-07T19:11:07.2427752Z     async with client.connect() as connected_client:
2025-07-07T19:11:07.2428208Z                ^^^^^^^^^^^^^^^^
2025-07-07T19:11:07.2428872Z E   TypeError: 'async_generator' object does not support the asynchronous context manager protocol
2025-07-07T19:11:07.2429839Z _ ERROR at setup of TestStandardsSynchronization.test_sync_standards_workflow __
2025-07-07T19:11:07.2430547Z tests/e2e/test_mcp_server.py:94: in mcp_client
2025-07-07T19:11:07.2431066Z     async with client.connect() as connected_client:
2025-07-07T19:11:07.2431527Z                ^^^^^^^^^^^^^^^^
2025-07-07T19:11:07.2432211Z E   TypeError: 'async_generator' object does not support the asynchronous context manager protocol
2025-07-07T19:11:07.2433155Z _ ERROR at setup of TestStandardsSynchronization.test_sync_with_rate_limiting __
2025-07-07T19:11:07.2433864Z tests/e2e/test_mcp_server.py:94: in mcp_client
2025-07-07T19:11:07.2434383Z     async with client.connect() as connected_client:
2025-07-07T19:11:07.2435008Z                ^^^^^^^^^^^^^^^^
2025-07-07T19:11:07.2435674Z E   TypeError: 'async_generator' object does not support the asynchronous context manager protocol
2025-07-07T19:11:07.2436528Z _ ERROR at setup of TestRuleEngineIntegration.test_rule_evaluation_through_mcp _
2025-07-07T19:11:07.2437140Z tests/e2e/test_mcp_server.py:94: in mcp_client
2025-07-07T19:11:07.2437584Z     async with client.connect() as connected_client:
2025-07-07T19:11:07.2437970Z                ^^^^^^^^^^^^^^^^
2025-07-07T19:11:07.2438538Z E   TypeError: 'async_generator' object does not support the asynchronous context manager protocol
2025-07-07T19:11:07.2439344Z __ ERROR at setup of TestRuleEngineIntegration.test_rule_priority_resolution ___
2025-07-07T19:11:07.2439992Z tests/e2e/test_mcp_server.py:94: in mcp_client
2025-07-07T19:11:07.2440409Z     async with client.connect() as connected_client:
2025-07-07T19:11:07.2440786Z                ^^^^^^^^^^^^^^^^
2025-07-07T19:11:07.2441353Z E   TypeError: 'async_generator' object does not support the asynchronous context manager protocol
2025-07-07T19:11:07.2442173Z _ ERROR at setup of TestSemanticSearchFunctionality.test_semantic_search_quality _
2025-07-07T19:11:07.2442766Z tests/e2e/test_mcp_server.py:94: in mcp_client
2025-07-07T19:11:07.2443176Z     async with client.connect() as connected_client:
2025-07-07T19:11:07.2443564Z                ^^^^^^^^^^^^^^^^
2025-07-07T19:11:07.2444107Z E   TypeError: 'async_generator' object does not support the asynchronous context manager protocol
2025-07-07T19:11:07.2445044Z __ ERROR at setup of TestSemanticSearchFunctionality.test_search_with_filters __
2025-07-07T19:11:07.2445625Z tests/e2e/test_mcp_server.py:94: in mcp_client
2025-07-07T19:11:07.2446036Z     async with client.connect() as connected_client:
2025-07-07T19:11:07.2446409Z                ^^^^^^^^^^^^^^^^
2025-07-07T19:11:07.2446947Z E   TypeError: 'async_generator' object does not support the asynchronous context manager protocol
2025-07-07T19:11:07.2447876Z __________ ERROR at setup of TestErrorHandling.test_invalid_tool_name __________
2025-07-07T19:11:07.2448403Z tests/e2e/test_mcp_server.py:94: in mcp_client
2025-07-07T19:11:07.2448884Z     async with client.connect() as connected_client:
2025-07-07T19:11:07.2449286Z                ^^^^^^^^^^^^^^^^
2025-07-07T19:11:07.2449817Z E   TypeError: 'async_generator' object does not support the asynchronous context manager protocol
2025-07-07T19:11:07.2450728Z _________ ERROR at setup of TestErrorHandling.test_invalid_parameters __________
2025-07-07T19:11:07.2451262Z tests/e2e/test_mcp_server.py:94: in mcp_client
2025-07-07T19:11:07.2451672Z     async with client.connect() as connected_client:
2025-07-07T19:11:07.2452046Z                ^^^^^^^^^^^^^^^^
2025-07-07T19:11:07.2452586Z E   TypeError: 'async_generator' object does not support the asynchronous context manager protocol
2025-07-07T19:11:07.2453332Z __________ ERROR at setup of TestErrorHandling.test_malformed_context __________
2025-07-07T19:11:07.2453865Z tests/e2e/test_mcp_server.py:94: in mcp_client
2025-07-07T19:11:07.2454281Z     async with client.connect() as connected_client:
2025-07-07T19:11:07.2454664Z                ^^^^^^^^^^^^^^^^
2025-07-07T19:11:07.2455353Z E   TypeError: 'async_generator' object does not support the asynchronous context manager protocol
2025-07-07T19:11:07.2456119Z _______ ERROR at setup of TestErrorHandling.test_server_timeout_handling _______
2025-07-07T19:11:07.2456659Z tests/e2e/test_mcp_server.py:94: in mcp_client
2025-07-07T19:11:07.2457169Z     async with client.connect() as connected_client:
2025-07-07T19:11:07.2457541Z                ^^^^^^^^^^^^^^^^
2025-07-07T19:11:07.2458087Z E   TypeError: 'async_generator' object does not support the asynchronous context manager protocol
2025-07-07T19:11:07.2458850Z _____ ERROR at setup of TestConcurrentRequests.test_concurrent_tool_calls ______
2025-07-07T19:11:07.2459396Z tests/e2e/test_mcp_server.py:94: in mcp_client
2025-07-07T19:11:07.2459811Z     async with client.connect() as connected_client:
2025-07-07T19:11:07.2460190Z                ^^^^^^^^^^^^^^^^
2025-07-07T19:11:07.2460733Z E   TypeError: 'async_generator' object does not support the asynchronous context manager protocol
2025-07-07T19:11:07.2461491Z ___ ERROR at setup of TestConcurrentRequests.test_concurrent_search_requests ___
2025-07-07T19:11:07.2462037Z tests/e2e/test_mcp_server.py:94: in mcp_client
2025-07-07T19:11:07.2462441Z     async with client.connect() as connected_client:
2025-07-07T19:11:07.2462802Z                ^^^^^^^^^^^^^^^^
2025-07-07T19:11:07.2463332Z E   TypeError: 'async_generator' object does not support the asynchronous context manager protocol
2025-07-07T19:11:07.2464076Z _________ ERROR at setup of TestCachingBehavior.test_standards_caching _________
2025-07-07T19:11:07.2464606Z tests/e2e/test_mcp_server.py:94: in mcp_client
2025-07-07T19:11:07.2465143Z     async with client.connect() as connected_client:
2025-07-07T19:11:07.2465508Z                ^^^^^^^^^^^^^^^^
2025-07-07T19:11:07.2466048Z E   TypeError: 'async_generator' object does not support the asynchronous context manager protocol
2025-07-07T19:11:07.2466810Z ________ ERROR at setup of TestCachingBehavior.test_cache_invalidation _________
2025-07-07T19:11:07.2467354Z tests/e2e/test_mcp_server.py:94: in mcp_client
2025-07-07T19:11:07.2467761Z     async with client.connect() as connected_client:
2025-07-07T19:11:07.2468142Z                ^^^^^^^^^^^^^^^^
2025-07-07T19:11:07.2468678Z E   TypeError: 'async_generator' object does not support the asynchronous context manager protocol
2025-07-07T19:11:07.2469451Z ___ ERROR at setup of TestLoadPerformance.test_concurrent_standard_requests ____
2025-07-07T19:11:07.2470314Z file /home/runner/work/mcp-standards-server/mcp-standards-server/tests/e2e/test_performance.py, line 96
2025-07-07T19:11:07.2471008Z       @pytest.mark.asyncio
2025-07-07T19:11:07.2471313Z       @pytest.mark.performance
2025-07-07T19:11:07.2471737Z       async def test_concurrent_standard_requests(self, mcp_client):
2025-07-07T19:11:07.2472537Z           """Test performance with concurrent get_applicable_standards requests."""
2025-07-07T19:11:07.2473086Z           metrics = PerformanceMetrics()
2025-07-07T19:11:07.2473456Z           num_requests = 100
2025-07-07T19:11:07.2473771Z           concurrent_limit = 10
2025-07-07T19:11:07.2473983Z 
2025-07-07T19:11:07.2474335Z           async def make_request(context: Dict) -> float:
2025-07-07T19:11:07.2474969Z               """Make a single request and measure response time."""
2025-07-07T19:11:07.2475380Z               start = time.time()
2025-07-07T19:11:07.2475685Z               try:
2025-07-07T19:11:07.2475952Z                   await mcp_client.call_tool(
2025-07-07T19:11:07.2476330Z                       "get_applicable_standards",
2025-07-07T19:11:07.2476702Z                       {"context": context}
2025-07-07T19:11:07.2477015Z                   )
2025-07-07T19:11:07.2477289Z                   duration = time.time() - start
2025-07-07T19:11:07.2477682Z                   metrics.record_response_time(duration)
2025-07-07T19:11:07.2478054Z                   return duration
2025-07-07T19:11:07.2478367Z               except Exception as e:
2025-07-07T19:11:07.2478709Z                   metrics.record_error()
2025-07-07T19:11:07.2479035Z                   raise e
2025-07-07T19:11:07.2479218Z 
2025-07-07T19:11:07.2479339Z           # Create varied contexts
2025-07-07T19:11:07.2479638Z           contexts = []
2025-07-07T19:11:07.2479910Z           for i in range(num_requests):
2025-07-07T19:11:07.2480383Z               context_type = list(SAMPLE_CONTEXTS.keys())[i % len(SAMPLE_CONTEXTS)]
2025-07-07T19:11:07.2480912Z               context = SAMPLE_CONTEXTS[context_type].copy()
2025-07-07T19:11:07.2481332Z               context["request_id"] = f"perf_test_{i}"
2025-07-07T19:11:07.2481706Z               contexts.append(context)
2025-07-07T19:11:07.2481941Z 
2025-07-07T19:11:07.2482074Z           # Run requests with concurrency limit
2025-07-07T19:11:07.2482499Z           semaphore = asyncio.Semaphore(concurrent_limit)
2025-07-07T19:11:07.2482797Z 
2025-07-07T19:11:07.2482924Z           async def bounded_request(context):
2025-07-07T19:11:07.2483279Z               async with semaphore:
2025-07-07T19:11:07.2483616Z                   return await make_request(context)
2025-07-07T19:11:07.2483876Z 
2025-07-07T19:11:07.2483997Z           # Execute all requests
2025-07-07T19:11:07.2484306Z           start_time = time.time()
2025-07-07T19:11:07.2484684Z           tasks = [bounded_request(ctx) for ctx in contexts]
2025-07-07T19:11:07.2485378Z           await asyncio.gather(*tasks, return_exceptions=True)
2025-07-07T19:11:07.2485817Z           total_time = time.time() - start_time
2025-07-07T19:11:07.2486068Z 
2025-07-07T19:11:07.2486175Z           # Analyze results
2025-07-07T19:11:07.2486476Z           summary = metrics.get_summary()
2025-07-07T19:11:07.2486718Z 
2025-07-07T19:11:07.2486833Z           # Performance assertions
2025-07-07T19:11:07.2487258Z           assert summary["error_rate"] < 0.01  # Less than 1% error rate
2025-07-07T19:11:07.2487833Z           assert summary["response_times"]["p95"] < 1.0  # 95% under 1 second
2025-07-07T19:11:07.2488436Z           assert summary["response_times"]["p99"] < 2.0  # 99% under 2 seconds
2025-07-07T19:11:07.2489026Z           assert summary["throughput"] > 10  # At least 10 requests per second
2025-07-07T19:11:07.2489406Z 
2025-07-07T19:11:07.2489528Z           print(f"\nLoad Test Results:")
2025-07-07T19:11:07.2489928Z           print(f"Total requests: {summary['total_requests']}")
2025-07-07T19:11:07.2490432Z           print(f"Total duration: {summary['total_duration']:.2f}s")
2025-07-07T19:11:07.2490943Z           print(f"Throughput: {summary['throughput']:.2f} req/s")
2025-07-07T19:11:07.2491517Z           print(f"Response times - p50: {summary['response_times']['median']:.3f}s, "
2025-07-07T19:11:07.2492063Z                 f"p95: {summary['response_times']['p95']:.3f}s, "
2025-07-07T19:11:07.2492493Z                 f"p99: {summary['response_times']['p99']:.3f}s")
2025-07-07T19:11:07.2493059Z E       fixture 'mcp_client' not found
2025-07-07T19:11:07.2497223Z >       available fixtures: _class_event_loop, _function_event_loop, _module_event_loop, _package_event_loop, _session_event_loop, anyio_backend, anyio_backend_name, anyio_backend_options, benchmark, benchmark_data, benchmark_weave, cache, capfd, capfdbinary, caplog, capsys, capsysbinary, capteesys, cleanup_after_test, cov, custom_assertions, doctest_namespace, event_loop, event_loop_policy, fixtures_dir, free_tcp_port, free_tcp_port_factory, free_udp_port, free_udp_port_factory, mock_github_api, monkeypatch, no_cover, pytestconfig, record_property, record_testsuite_property, record_xml_attribute, recwarn, setup_test_environment, skip_on_ci, skip_without_mcp, test_data_dir, testrun_uid, tmp_path, tmp_path_factory, tmpdir, tmpdir_factory, track_performance, unused_tcp_port, unused_tcp_port_factory, unused_udp_port, unused_udp_port_factory, worker_id
2025-07-07T19:11:07.2501433Z >       use 'pytest --fixtures [testpath]' for help on them.
2025-07-07T19:11:07.2501745Z 
2025-07-07T19:11:07.2502152Z /home/runner/work/mcp-standards-server/mcp-standards-server/tests/e2e/test_performance.py:96
2025-07-07T19:11:07.2502933Z ________ ERROR at setup of TestLoadPerformance.test_search_performance _________
2025-07-07T19:11:07.2503788Z file /home/runner/work/mcp-standards-server/mcp-standards-server/tests/e2e/test_performance.py, line 157
2025-07-07T19:11:07.2504573Z       @pytest.mark.asyncio
2025-07-07T19:11:07.2505060Z       @pytest.mark.performance
2025-07-07T19:11:07.2505435Z       async def test_search_performance(self, mcp_client):
2025-07-07T19:11:07.2505878Z           """Test semantic search performance."""
2025-07-07T19:11:07.2506261Z           metrics = PerformanceMetrics()
2025-07-07T19:11:07.2506599Z           queries = [
2025-07-07T19:11:07.2506923Z               "React component performance optimization",
2025-07-07T19:11:07.2507332Z               "Python async programming patterns",
2025-07-07T19:11:07.2507729Z               "API security best practices",
2025-07-07T19:11:07.2508111Z               "Mobile app accessibility guidelines",
2025-07-07T19:11:07.2508516Z               "Microservice communication patterns",
2025-07-07T19:11:07.2508899Z               "Database query optimization",
2025-07-07T19:11:07.2509263Z               "Frontend testing strategies",
2025-07-07T19:11:07.2509628Z               "Cloud deployment best practices",
2025-07-07T19:11:07.2510014Z               "Error handling in distributed systems",
2025-07-07T19:11:07.2510399Z               "Authentication and authorization"
2025-07-07T19:11:07.2510732Z           ]
2025-07-07T19:11:07.2510865Z 
2025-07-07T19:11:07.2510985Z           # Run searches multiple times
2025-07-07T19:11:07.2511313Z           num_iterations = 5
2025-07-07T19:11:07.2511515Z 
2025-07-07T19:11:07.2511648Z           for iteration in range(num_iterations):
2025-07-07T19:11:07.2512003Z               for query in queries:
2025-07-07T19:11:07.2512328Z                   start = time.time()
2025-07-07T19:11:07.2512646Z                   try:
2025-07-07T19:11:07.2512919Z                       await mcp_client.call_tool(
2025-07-07T19:11:07.2513279Z                           "search_standards",
2025-07-07T19:11:07.2513628Z                           {"query": query, "limit": 5}
2025-07-07T19:11:07.2513979Z                       )
2025-07-07T19:11:07.2514260Z                       duration = time.time() - start
2025-07-07T19:11:07.2514656Z                       metrics.record_response_time(duration)
2025-07-07T19:11:07.2515204Z                   except Exception:
2025-07-07T19:11:07.2515567Z                       metrics.record_error()
2025-07-07T19:11:07.2515801Z 
2025-07-07T19:11:07.2515921Z           summary = metrics.get_summary()
2025-07-07T19:11:07.2516150Z 
2025-07-07T19:11:07.2516262Z           # Search should be fast
2025-07-07T19:11:07.2516693Z           assert summary["response_times"]["mean"] < 0.5  # Average under 500ms
2025-07-07T19:11:07.2517437Z           assert summary["response_times"]["p95"] < 1.0  # 95% under 1 second
2025-07-07T19:11:07.2517910Z E       fixture 'mcp_client' not found
2025-07-07T19:11:07.2521815Z >       available fixtures: _class_event_loop, _function_event_loop, _module_event_loop, _package_event_loop, _session_event_loop, anyio_backend, anyio_backend_name, anyio_backend_options, benchmark, benchmark_data, benchmark_weave, cache, capfd, capfdbinary, caplog, capsys, capsysbinary, capteesys, cleanup_after_test, cov, custom_assertions, doctest_namespace, event_loop, event_loop_policy, fixtures_dir, free_tcp_port, free_tcp_port_factory, free_udp_port, free_udp_port_factory, mock_github_api, monkeypatch, no_cover, pytestconfig, record_property, record_testsuite_property, record_xml_attribute, recwarn, setup_test_environment, skip_on_ci, skip_without_mcp, test_data_dir, testrun_uid, tmp_path, tmp_path_factory, tmpdir, tmpdir_factory, track_performance, unused_tcp_port, unused_tcp_port_factory, unused_udp_port, unused_udp_port_factory, worker_id
2025-07-07T19:11:07.2526062Z >       use 'pytest --fixtures [testpath]' for help on them.
2025-07-07T19:11:07.2526405Z 
2025-07-07T19:11:07.2526861Z /home/runner/work/mcp-standards-server/mcp-standards-server/tests/e2e/test_performance.py:157
2025-07-07T19:11:07.2527685Z ____ ERROR at setup of TestLoadPerformance.test_mixed_workload_performance _____
2025-07-07T19:11:07.2528571Z file /home/runner/work/mcp-standards-server/mcp-standards-server/tests/e2e/test_performance.py, line 197
2025-07-07T19:11:07.2529312Z       @pytest.mark.asyncio
2025-07-07T19:11:07.2529616Z       @pytest.mark.performance
2025-07-07T19:11:07.2530033Z       async def test_mixed_workload_performance(self, mcp_client):
2025-07-07T19:11:07.2530532Z           """Test performance with mixed workload types."""
2025-07-07T19:11:07.2530952Z           metrics = PerformanceMetrics()
2025-07-07T19:11:07.2531201Z 
2025-07-07T19:11:07.2531326Z           # Define different operation types
2025-07-07T19:11:07.2531688Z           async def get_standards(context):
2025-07-07T19:11:07.2532123Z               start = time.time()
2025-07-07T19:11:07.2532472Z               result = await mcp_client.call_tool(
2025-07-07T19:11:07.2532862Z                   "get_applicable_standards",
2025-07-07T19:11:07.2533221Z                   {"context": context}
2025-07-07T19:11:07.2533543Z               )
2025-07-07T19:11:07.2533874Z               metrics.record_response_time(time.time() - start)
2025-07-07T19:11:07.2534290Z               return result
2025-07-07T19:11:07.2534477Z 
2025-07-07T19:11:07.2534609Z           async def search_standards(query):
2025-07-07T19:11:07.2535178Z               start = time.time()
2025-07-07T19:11:07.2535530Z               result = await mcp_client.call_tool(
2025-07-07T19:11:07.2535899Z                   "search_standards",
2025-07-07T19:11:07.2536250Z                   {"query": query, "limit": 3}
2025-07-07T19:11:07.2536574Z               )
2025-07-07T19:11:07.2536888Z               metrics.record_response_time(time.time() - start)
2025-07-07T19:11:07.2537287Z               return result
2025-07-07T19:11:07.2537476Z 
2025-07-07T19:11:07.2537611Z           async def validate_code(code, standard):
2025-07-07T19:11:07.2537983Z               start = time.time()
2025-07-07T19:11:07.2538305Z               result = await mcp_client.call_tool(
2025-07-07T19:11:07.2538694Z                   "validate_against_standard",
2025-07-07T19:11:07.2539066Z                   {"code": code, "standard": standard}
2025-07-07T19:11:07.2539422Z               )
2025-07-07T19:11:07.2539777Z               metrics.record_response_time(time.time() - start)
2025-07-07T19:11:07.2540187Z               return result
2025-07-07T19:11:07.2540372Z 
2025-07-07T19:11:07.2540484Z           # Create mixed workload
2025-07-07T19:11:07.2540788Z           tasks = []
2025-07-07T19:11:07.2540942Z 
2025-07-07T19:11:07.2541065Z           # 50% get standards requests
2025-07-07T19:11:07.2541392Z           for i in range(50):
2025-07-07T19:11:07.2541912Z               context = SAMPLE_CONTEXTS["react_web_app"].copy()
2025-07-07T19:11:07.2542337Z               context["request_id"] = f"mixed_{i}"
2025-07-07T19:11:07.2542728Z               tasks.append(get_standards(context))
2025-07-07T19:11:07.2542977Z 
2025-07-07T19:11:07.2543077Z           # 30% search requests
2025-07-07T19:11:07.2543359Z           search_queries = [
2025-07-07T19:11:07.2543831Z               "performance optimization",
2025-07-07T19:11:07.2544184Z               "security best practices",
2025-07-07T19:11:07.2544547Z               "testing strategies"
2025-07-07T19:11:07.2545017Z           ]
2025-07-07T19:11:07.2545255Z           for i in range(30):
2025-07-07T19:11:07.2545604Z               query = search_queries[i % len(search_queries)]
2025-07-07T19:11:07.2546029Z               tasks.append(search_standards(query))
2025-07-07T19:11:07.2546291Z 
2025-07-07T19:11:07.2546400Z           # 20% validation requests
2025-07-07T19:11:07.2546798Z           sample_code = "const Component = () => <div>Hello</div>;"
2025-07-07T19:11:07.2547220Z           for i in range(20):
2025-07-07T19:11:07.2547641Z               tasks.append(validate_code(sample_code, "react-18-patterns"))
2025-07-07T19:11:07.2548000Z 
2025-07-07T19:11:07.2548113Z           # Execute mixed workload
2025-07-07T19:11:07.2548431Z           start_time = time.time()
2025-07-07T19:11:07.2548870Z           results = await asyncio.gather(*tasks, return_exceptions=True)
2025-07-07T19:11:07.2549355Z           total_time = time.time() - start_time
2025-07-07T19:11:07.2549617Z 
2025-07-07T19:11:07.2549721Z           # Count errors
2025-07-07T19:11:07.2550118Z           error_count = sum(1 for r in results if isinstance(r, Exception))
2025-07-07T19:11:07.2550578Z           metrics.error_count = error_count
2025-07-07T19:11:07.2550829Z 
2025-07-07T19:11:07.2550954Z           summary = metrics.get_summary()
2025-07-07T19:11:07.2551195Z 
2025-07-07T19:11:07.2551361Z           # Mixed workload should maintain good performance
2025-07-07T19:11:07.2551844Z           assert summary["error_rate"] < 0.02  # Less than 2% errors
2025-07-07T19:11:07.2552337Z           assert summary["throughput"] > 20  # At least 20 req/s
2025-07-07T19:11:07.2552754Z E       fixture 'mcp_client' not found
2025-07-07T19:11:07.2556324Z >       available fixtures: _class_event_loop, _function_event_loop, _module_event_loop, _package_event_loop, _session_event_loop, anyio_backend, anyio_backend_name, anyio_backend_options, benchmark, benchmark_data, benchmark_weave, cache, capfd, capfdbinary, caplog, capsys, capsysbinary, capteesys, cleanup_after_test, cov, custom_assertions, doctest_namespace, event_loop, event_loop_policy, fixtures_dir, free_tcp_port, free_tcp_port_factory, free_udp_port, free_udp_port_factory, mock_github_api, monkeypatch, no_cover, pytestconfig, record_property, record_testsuite_property, record_xml_attribute, recwarn, setup_test_environment, skip_on_ci, skip_without_mcp, test_data_dir, testrun_uid, tmp_path, tmp_path_factory, tmpdir, tmpdir_factory, track_performance, unused_tcp_port, unused_tcp_port_factory, unused_udp_port, unused_udp_port_factory, worker_id
2025-07-07T19:11:07.2558949Z >       use 'pytest --fixtures [testpath]' for help on them.
2025-07-07T19:11:07.2559163Z 
2025-07-07T19:11:07.2559435Z /home/runner/work/mcp-standards-server/mcp-standards-server/tests/e2e/test_performance.py:197
2025-07-07T19:11:07.2559981Z _____ ERROR at setup of TestMemoryPerformance.test_memory_usage_under_load _____
2025-07-07T19:11:07.2560551Z file /home/runner/work/mcp-standards-server/mcp-standards-server/tests/e2e/test_performance.py, line 274
2025-07-07T19:11:07.2561011Z       @pytest.mark.asyncio
2025-07-07T19:11:07.2561233Z       @pytest.mark.performance
2025-07-07T19:11:07.2561510Z       async def test_memory_usage_under_load(self, mcp_client):
2025-07-07T19:11:07.2561849Z           """Test memory usage remains stable under load."""
2025-07-07T19:11:07.2562127Z           process = psutil.Process()
2025-07-07T19:11:07.2562437Z           initial_memory = process.memory_info().rss / 1024 / 1024  # MB
2025-07-07T19:11:07.2562806Z 
2025-07-07T19:11:07.2562897Z           # Perform many operations
2025-07-07T19:11:07.2563118Z           for i in range(100):
2025-07-07T19:11:07.2563367Z               context = SAMPLE_CONTEXTS["react_web_app"].copy()
2025-07-07T19:11:07.2563648Z               context["iteration"] = i
2025-07-07T19:11:07.2563915Z 
2025-07-07T19:11:07.2563999Z               await mcp_client.call_tool(
2025-07-07T19:11:07.2564245Z                   "get_applicable_standards",
2025-07-07T19:11:07.2564484Z                   {"context": context}
2025-07-07T19:11:07.2564690Z               )
2025-07-07T19:11:07.2564935Z 
2025-07-07T19:11:07.2565021Z               # Check memory periodically
2025-07-07T19:11:07.2565248Z               if i % 20 == 0:
2025-07-07T19:11:07.2565474Z                   gc.collect()  # Force garbage collection
2025-07-07T19:11:07.2565787Z                   current_memory = process.memory_info().rss / 1024 / 1024
2025-07-07T19:11:07.2566121Z                   memory_increase = current_memory - initial_memory
2025-07-07T19:11:07.2566330Z 
2025-07-07T19:11:07.2566426Z                   # Memory increase should be reasonable
2025-07-07T19:11:07.2566735Z                   assert memory_increase < 100  # Less than 100MB increase
2025-07-07T19:11:07.2566947Z 
2025-07-07T19:11:07.2567017Z           # Final memory check
2025-07-07T19:11:07.2567216Z           gc.collect()
2025-07-07T19:11:07.2567445Z           final_memory = process.memory_info().rss / 1024 / 1024
2025-07-07T19:11:07.2567763Z           total_increase = final_memory - initial_memory
2025-07-07T19:11:07.2567948Z 
2025-07-07T19:11:07.2568028Z           print(f"\nMemory Usage:")
2025-07-07T19:11:07.2568272Z           print(f"Initial: {initial_memory:.2f} MB")
2025-07-07T19:11:07.2568543Z           print(f"Final: {final_memory:.2f} MB")
2025-07-07T19:11:07.2568808Z           print(f"Increase: {total_increase:.2f} MB")
2025-07-07T19:11:07.2568991Z 
2025-07-07T19:11:07.2569088Z           # Total memory increase should be minimal
2025-07-07T19:11:07.2569398Z           assert total_increase < 50  # Less than 50MB total increase
2025-07-07T19:11:07.2569716Z E       fixture 'mcp_client' not found
2025-07-07T19:11:07.2572268Z >       available fixtures: _class_event_loop, _function_event_loop, _module_event_loop, _package_event_loop, _session_event_loop, anyio_backend, anyio_backend_name, anyio_backend_options, benchmark, benchmark_data, benchmark_weave, cache, capfd, capfdbinary, caplog, capsys, capsysbinary, capteesys, cleanup_after_test, cov, custom_assertions, doctest_namespace, event_loop, event_loop_policy, fixtures_dir, free_tcp_port, free_tcp_port_factory, free_udp_port, free_udp_port_factory, mock_github_api, monkeypatch, no_cover, pytestconfig, record_property, record_testsuite_property, record_xml_attribute, recwarn, setup_test_environment, skip_on_ci, skip_without_mcp, test_data_dir, testrun_uid, tmp_path, tmp_path_factory, tmpdir, tmpdir_factory, track_performance, unused_tcp_port, unused_tcp_port_factory, unused_udp_port, unused_udp_port_factory, worker_id
2025-07-07T19:11:07.2574964Z >       use 'pytest --fixtures [testpath]' for help on them.
2025-07-07T19:11:07.2575168Z 
2025-07-07T19:11:07.2575436Z /home/runner/work/mcp-standards-server/mcp-standards-server/tests/e2e/test_performance.py:274
2025-07-07T19:11:07.2575987Z _____ ERROR at setup of TestMemoryPerformance.test_cache_memory_management _____
2025-07-07T19:11:07.2576558Z file /home/runner/work/mcp-standards-server/mcp-standards-server/tests/e2e/test_performance.py, line 313
2025-07-07T19:11:07.2577012Z       @pytest.mark.asyncio
2025-07-07T19:11:07.2577220Z       @pytest.mark.performance
2025-07-07T19:11:07.2577485Z       async def test_cache_memory_management(self, mcp_client):
2025-07-07T19:11:07.2577809Z           """Test that caching doesn't cause memory issues."""
2025-07-07T19:11:07.2578093Z           metrics = PerformanceMetrics()
2025-07-07T19:11:07.2578263Z 
2025-07-07T19:11:07.2578349Z           # Access many different standards
2025-07-07T19:11:07.2578578Z           standard_ids = [
2025-07-07T19:11:07.2578960Z               f"standard_{i}" for i in range(50)
2025-07-07T19:11:07.2579196Z           ]
2025-07-07T19:11:07.2579282Z 
2025-07-07T19:11:07.2579371Z           # First pass - populate cache
2025-07-07T19:11:07.2579617Z           for std_id in standard_ids:
2025-07-07T19:11:07.2579824Z               try:
2025-07-07T19:11:07.2580123Z                   await mcp_client.call_tool(
2025-07-07T19:11:07.2580362Z                       "get_standard_details",
2025-07-07T19:11:07.2580597Z                       {"standard_id": std_id}
2025-07-07T19:11:07.2580808Z                   )
2025-07-07T19:11:07.2580983Z               except Exception:
2025-07-07T19:11:07.2581211Z                   pass  # Some standards may not exist
2025-07-07T19:11:07.2581389Z 
2025-07-07T19:11:07.2581476Z               metrics.record_memory_usage()
2025-07-07T19:11:07.2581643Z 
2025-07-07T19:11:07.2581713Z           # Check memory growth
2025-07-07T19:11:07.2582014Z           memory_growth = max(metrics.memory_usage) - min(metrics.memory_usage)
2025-07-07T19:11:07.2582382Z           assert memory_growth < 200  # Less than 200MB growth
2025-07-07T19:11:07.2582577Z 
2025-07-07T19:11:07.2582666Z           # Second pass - should use cache
2025-07-07T19:11:07.2582935Z           cache_memory_start = metrics.memory_usage[-1]
2025-07-07T19:11:07.2583124Z 
2025-07-07T19:11:07.2583211Z           for std_id in standard_ids:
2025-07-07T19:11:07.2583419Z               try:
2025-07-07T19:11:07.2583601Z                   await mcp_client.call_tool(
2025-07-07T19:11:07.2583838Z                       "get_standard_details",
2025-07-07T19:11:07.2584071Z                       {"standard_id": std_id}
2025-07-07T19:11:07.2584279Z                   )
2025-07-07T19:11:07.2584449Z               except Exception:
2025-07-07T19:11:07.2584644Z                   pass
2025-07-07T19:11:07.2584756Z 
2025-07-07T19:11:07.2584994Z           # Memory should not grow significantly when using cache
2025-07-07T19:11:07.2585347Z           cache_memory_end = process.memory_info().rss / 1024 / 1024
2025-07-07T19:11:07.2585678Z           cache_growth = cache_memory_end - cache_memory_start
2025-07-07T19:11:07.2586031Z           assert cache_growth < 10  # Less than 10MB growth when using cache
2025-07-07T19:11:07.2586344Z E       fixture 'mcp_client' not found
2025-07-07T19:11:07.2588902Z >       available fixtures: _class_event_loop, _function_event_loop, _module_event_loop, _package_event_loop, _session_event_loop, anyio_backend, anyio_backend_name, anyio_backend_options, benchmark, benchmark_data, benchmark_weave, cache, capfd, capfdbinary, caplog, capsys, capsysbinary, capteesys, cleanup_after_test, cov, custom_assertions, doctest_namespace, event_loop, event_loop_policy, fixtures_dir, free_tcp_port, free_tcp_port_factory, free_udp_port, free_udp_port_factory, mock_github_api, monkeypatch, no_cover, pytestconfig, record_property, record_testsuite_property, record_xml_attribute, recwarn, setup_test_environment, skip_on_ci, skip_without_mcp, test_data_dir, testrun_uid, tmp_path, tmp_path_factory, tmpdir, tmpdir_factory, track_performance, unused_tcp_port, unused_tcp_port_factory, unused_udp_port, unused_udp_port_factory, worker_id
2025-07-07T19:11:07.2591469Z >       use 'pytest --fixtures [testpath]' for help on them.
2025-07-07T19:11:07.2591673Z 
2025-07-07T19:11:07.2591944Z /home/runner/work/mcp-standards-server/mcp-standards-server/tests/e2e/test_performance.py:313
2025-07-07T19:11:07.2592499Z _ ERROR at setup of TestResponseTimeBenchmarks.test_standard_selection_benchmark _
2025-07-07T19:11:07.2593088Z file /home/runner/work/mcp-standards-server/mcp-standards-server/tests/e2e/test_performance.py, line 361
2025-07-07T19:11:07.2593541Z       @pytest.mark.asyncio
2025-07-07T19:11:07.2593742Z       @pytest.mark.benchmark
2025-07-07T19:11:07.2594051Z       async def test_standard_selection_benchmark(self, mcp_client, benchmark):
2025-07-07T19:11:07.2594428Z           """Benchmark get_applicable_standards operation."""
2025-07-07T19:11:07.2594942Z           context = SAMPLE_CONTEXTS["react_web_app"]
2025-07-07T19:11:07.2595140Z 
2025-07-07T19:11:07.2595219Z           async def operation():
2025-07-07T19:11:07.2595453Z               return await mcp_client.call_tool(
2025-07-07T19:11:07.2595714Z                   "get_applicable_standards",
2025-07-07T19:11:07.2595951Z                   {"context": context}
2025-07-07T19:11:07.2596265Z               )
2025-07-07T19:11:07.2596363Z 
2025-07-07T19:11:07.2596432Z           # Run benchmark
2025-07-07T19:11:07.2596635Z           result = await benchmark(operation)
2025-07-07T19:11:07.2596801Z 
2025-07-07T19:11:07.2596877Z           # Verify result is valid
2025-07-07T19:11:07.2597097Z           assert "standards" in result
2025-07-07T19:11:07.2597334Z           assert len(result["standards"]) > 0
2025-07-07T19:11:07.2597573Z E       fixture 'mcp_client' not found
2025-07-07T19:11:07.2600119Z >       available fixtures: _class_event_loop, _function_event_loop, _module_event_loop, _package_event_loop, _session_event_loop, anyio_backend, anyio_backend_name, anyio_backend_options, benchmark, benchmark_data, benchmark_weave, cache, capfd, capfdbinary, caplog, capsys, capsysbinary, capteesys, cleanup_after_test, cov, custom_assertions, doctest_namespace, event_loop, event_loop_policy, fixtures_dir, free_tcp_port, free_tcp_port_factory, free_udp_port, free_udp_port_factory, mock_github_api, monkeypatch, no_cover, pytestconfig, record_property, record_testsuite_property, record_xml_attribute, recwarn, setup_test_environment, skip_on_ci, skip_without_mcp, test_data_dir, testrun_uid, tmp_path, tmp_path_factory, tmpdir, tmpdir_factory, track_performance, unused_tcp_port, unused_tcp_port_factory, unused_udp_port, unused_udp_port_factory, worker_id
2025-07-07T19:11:07.2602686Z >       use 'pytest --fixtures [testpath]' for help on them.
2025-07-07T19:11:07.2602890Z 
2025-07-07T19:11:07.2603154Z /home/runner/work/mcp-standards-server/mcp-standards-server/tests/e2e/test_performance.py:361
2025-07-07T19:11:07.2603703Z ______ ERROR at setup of TestResponseTimeBenchmarks.test_search_benchmark ______
2025-07-07T19:11:07.2604267Z file /home/runner/work/mcp-standards-server/mcp-standards-server/tests/e2e/test_performance.py, line 380
2025-07-07T19:11:07.2604714Z       @pytest.mark.asyncio
2025-07-07T19:11:07.2605019Z       @pytest.mark.benchmark
2025-07-07T19:11:07.2605292Z       async def test_search_benchmark(self, mcp_client, benchmark):
2025-07-07T19:11:07.2605618Z           """Benchmark search_standards operation."""
2025-07-07T19:11:07.2605910Z           query = "React performance optimization techniques"
2025-07-07T19:11:07.2606112Z 
2025-07-07T19:11:07.2606189Z           async def operation():
2025-07-07T19:11:07.2606424Z               return await mcp_client.call_tool(
2025-07-07T19:11:07.2606665Z                   "search_standards",
2025-07-07T19:11:07.2606895Z                   {"query": query, "limit": 5}
2025-07-07T19:11:07.2607109Z               )
2025-07-07T19:11:07.2607210Z 
2025-07-07T19:11:07.2607301Z           result = await benchmark(operation)
2025-07-07T19:11:07.2607467Z 
2025-07-07T19:11:07.2607542Z           assert "results" in result
2025-07-07T19:11:07.2607773Z           assert len(result["results"]) <= 5
2025-07-07T19:11:07.2608017Z E       fixture 'mcp_client' not found
2025-07-07T19:11:07.2610659Z >       available fixtures: _class_event_loop, _function_event_loop, _module_event_loop, _package_event_loop, _session_event_loop, anyio_backend, anyio_backend_name, anyio_backend_options, benchmark, benchmark_data, benchmark_weave, cache, capfd, capfdbinary, caplog, capsys, capsysbinary, capteesys, cleanup_after_test, cov, custom_assertions, doctest_namespace, event_loop, event_loop_policy, fixtures_dir, free_tcp_port, free_tcp_port_factory, free_udp_port, free_udp_port_factory, mock_github_api, monkeypatch, no_cover, pytestconfig, record_property, record_testsuite_property, record_xml_attribute, recwarn, setup_test_environment, skip_on_ci, skip_without_mcp, test_data_dir, testrun_uid, tmp_path, tmp_path_factory, tmpdir, tmpdir_factory, track_performance, unused_tcp_port, unused_tcp_port_factory, unused_udp_port, unused_udp_port_factory, worker_id
2025-07-07T19:11:07.2613240Z >       use 'pytest --fixtures [testpath]' for help on them.
2025-07-07T19:11:07.2613451Z 
2025-07-07T19:11:07.2613717Z /home/runner/work/mcp-standards-server/mcp-standards-server/tests/e2e/test_performance.py:380
2025-07-07T19:11:07.2614355Z ____ ERROR at setup of TestResponseTimeBenchmarks.test_validation_benchmark ____
2025-07-07T19:11:07.2615047Z file /home/runner/work/mcp-standards-server/mcp-standards-server/tests/e2e/test_performance.py, line 397
2025-07-07T19:11:07.2615502Z       @pytest.mark.asyncio
2025-07-07T19:11:07.2615702Z       @pytest.mark.benchmark
2025-07-07T19:11:07.2615989Z       async def test_validation_benchmark(self, mcp_client, benchmark):
2025-07-07T19:11:07.2616342Z           """Benchmark validate_against_standard operation."""
2025-07-07T19:11:07.2616607Z           code = """
2025-07-07T19:11:07.2616793Z           import React from 'react';
2025-07-07T19:11:07.2617032Z           const MyComponent = ({ data }) => {
2025-07-07T19:11:07.2617372Z               return <div>{data.map(item => <p key={item.id}>{item.name}</p>)}</div>;
2025-07-07T19:11:07.2617678Z           };
2025-07-07T19:11:07.2617851Z           export default MyComponent;
2025-07-07T19:11:07.2618062Z           """
2025-07-07T19:11:07.2618155Z 
2025-07-07T19:11:07.2618230Z           async def operation():
2025-07-07T19:11:07.2618453Z               return await mcp_client.call_tool(
2025-07-07T19:11:07.2618707Z                   "validate_against_standard",
2025-07-07T19:11:07.2618924Z                   {
2025-07-07T19:11:07.2619098Z                       "code": code,
2025-07-07T19:11:07.2619336Z                       "standard": "react-18-patterns",
2025-07-07T19:11:07.2619588Z                       "language": "javascript"
2025-07-07T19:11:07.2619807Z                   }
2025-07-07T19:11:07.2619972Z               )
2025-07-07T19:11:07.2620073Z 
2025-07-07T19:11:07.2620170Z           result = await benchmark(operation)
2025-07-07T19:11:07.2620343Z 
2025-07-07T19:11:07.2620424Z           assert "violations" in result
2025-07-07T19:11:07.2620664Z           assert "passed" in result
2025-07-07T19:11:07.2620897Z E       fixture 'mcp_client' not found
2025-07-07T19:11:07.2623444Z >       available fixtures: _class_event_loop, _function_event_loop, _module_event_loop, _package_event_loop, _session_event_loop, anyio_backend, anyio_backend_name, anyio_backend_options, benchmark, benchmark_data, benchmark_weave, cache, capfd, capfdbinary, caplog, capsys, capsysbinary, capteesys, cleanup_after_test, cov, custom_assertions, doctest_namespace, event_loop, event_loop_policy, fixtures_dir, free_tcp_port, free_tcp_port_factory, free_udp_port, free_udp_port_factory, mock_github_api, monkeypatch, no_cover, pytestconfig, record_property, record_testsuite_property, record_xml_attribute, recwarn, setup_test_environment, skip_on_ci, skip_without_mcp, test_data_dir, testrun_uid, tmp_path, tmp_path_factory, tmpdir, tmpdir_factory, track_performance, unused_tcp_port, unused_tcp_port_factory, unused_udp_port, unused_udp_port_factory, worker_id
2025-07-07T19:11:07.2626113Z >       use 'pytest --fixtures [testpath]' for help on them.
2025-07-07T19:11:07.2626325Z 
2025-07-07T19:11:07.2626590Z /home/runner/work/mcp-standards-server/mcp-standards-server/tests/e2e/test_performance.py:397
2025-07-07T19:11:07.2627143Z ___ ERROR at setup of TestScalabilityLimits.test_max_concurrent_connections ____
2025-07-07T19:11:07.2627721Z file /home/runner/work/mcp-standards-server/mcp-standards-server/tests/e2e/test_performance.py, line 428
2025-07-07T19:11:07.2628177Z       @pytest.mark.asyncio
2025-07-07T19:11:07.2628384Z       @pytest.mark.performance
2025-07-07T19:11:07.2628597Z       @pytest.mark.slow
2025-07-07T19:11:07.2628850Z       async def test_max_concurrent_connections(self, mcp_server):
2025-07-07T19:11:07.2629186Z           """Test maximum concurrent client connections."""
2025-07-07T19:11:07.2629581Z           max_clients = 50
2025-07-07T19:11:07.2629775Z           clients = []
2025-07-07T19:11:07.2629885Z 
2025-07-07T19:11:07.2629967Z           # Try to create many clients
2025-07-07T19:11:07.2630196Z           for i in range(max_clients):
2025-07-07T19:11:07.2630405Z               try:
2025-07-07T19:11:07.2630596Z                   client = MCPTestClient(mcp_server)
2025-07-07T19:11:07.2630960Z                   await client.connect()
2025-07-07T19:11:07.2631198Z                   clients.append(client)
2025-07-07T19:11:07.2631435Z               except Exception as e:
2025-07-07T19:11:07.2631687Z                   print(f"Failed to create client {i}: {e}")
2025-07-07T19:11:07.2631937Z                   break
2025-07-07T19:11:07.2632047Z 
2025-07-07T19:11:07.2632155Z           # Should handle at least 20 concurrent clients
2025-07-07T19:11:07.2632415Z           assert len(clients) >= 20
2025-07-07T19:11:07.2632567Z 
2025-07-07T19:11:07.2632631Z           # Clean up
2025-07-07T19:11:07.2632810Z           for client in clients:
2025-07-07T19:11:07.2633034Z               await client.disconnect()
2025-07-07T19:11:07.2633270Z E       fixture 'mcp_server' not found
2025-07-07T19:11:07.2635907Z >       available fixtures: _class_event_loop, _function_event_loop, _module_event_loop, _package_event_loop, _session_event_loop, anyio_backend, anyio_backend_name, anyio_backend_options, benchmark, benchmark_data, benchmark_weave, cache, capfd, capfdbinary, caplog, capsys, capsysbinary, capteesys, cleanup_after_test, cov, custom_assertions, doctest_namespace, event_loop, event_loop_policy, fixtures_dir, free_tcp_port, free_tcp_port_factory, free_udp_port, free_udp_port_factory, mock_github_api, monkeypatch, no_cover, pytestconfig, record_property, record_testsuite_property, record_xml_attribute, recwarn, setup_test_environment, skip_on_ci, skip_without_mcp, test_data_dir, testrun_uid, tmp_path, tmp_path_factory, tmpdir, tmpdir_factory, track_performance, unused_tcp_port, unused_tcp_port_factory, unused_udp_port, unused_udp_port_factory, worker_id
2025-07-07T19:11:07.2638474Z >       use 'pytest --fixtures [testpath]' for help on them.
2025-07-07T19:11:07.2638678Z 
2025-07-07T19:11:07.2638951Z /home/runner/work/mcp-standards-server/mcp-standards-server/tests/e2e/test_performance.py:428
2025-07-07T19:11:07.2639489Z _____ ERROR at setup of TestScalabilityLimits.test_large_response_handling _____
2025-07-07T19:11:07.2640093Z file /home/runner/work/mcp-standards-server/mcp-standards-server/tests/e2e/test_performance.py, line 453
2025-07-07T19:11:07.2640546Z       @pytest.mark.asyncio
2025-07-07T19:11:07.2640749Z       @pytest.mark.performance
2025-07-07T19:11:07.2641018Z       async def test_large_response_handling(self, mcp_client):
2025-07-07T19:11:07.2641361Z           """Test handling of large responses."""
2025-07-07T19:11:07.2641620Z           # Request many standards at once
2025-07-07T19:11:07.2641871Z           result = await mcp_client.call_tool(
2025-07-07T19:11:07.2642121Z               "list_available_standards",
2025-07-07T19:11:07.2642371Z               {"limit": 1000}  # Request many standards
2025-07-07T19:11:07.2642610Z           )
2025-07-07T19:11:07.2642698Z 
2025-07-07T19:11:07.2642783Z           assert "standards" in result
2025-07-07T19:11:07.2642937Z 
2025-07-07T19:11:07.2643015Z           # Measure serialization time
2025-07-07T19:11:07.2643251Z           start = time.time()
2025-07-07T19:11:07.2643445Z           import json
2025-07-07T19:11:07.2643639Z           serialized = json.dumps(result)
2025-07-07T19:11:07.2643893Z           serialization_time = time.time() - start
2025-07-07T19:11:07.2644078Z 
2025-07-07T19:11:07.2644178Z           # Should handle large responses efficiently
2025-07-07T19:11:07.2644469Z           assert serialization_time < 1.0  # Under 1 second
2025-07-07T19:11:07.2644886Z           assert len(serialized) > 1000  # Substantial response size
2025-07-07T19:11:07.2645191Z E       fixture 'mcp_client' not found
2025-07-07T19:11:07.2647847Z >       available fixtures: _class_event_loop, _function_event_loop, _module_event_loop, _package_event_loop, _session_event_loop, anyio_backend, anyio_backend_name, anyio_backend_options, benchmark, benchmark_data, benchmark_weave, cache, capfd, capfdbinary, caplog, capsys, capsysbinary, capteesys, cleanup_after_test, cov, custom_assertions, doctest_namespace, event_loop, event_loop_policy, fixtures_dir, free_tcp_port, free_tcp_port_factory, free_udp_port, free_udp_port_factory, mock_github_api, monkeypatch, no_cover, pytestconfig, record_property, record_testsuite_property, record_xml_attribute, recwarn, setup_test_environment, skip_on_ci, skip_without_mcp, test_data_dir, testrun_uid, tmp_path, tmp_path_factory, tmpdir, tmpdir_factory, track_performance, unused_tcp_port, unused_tcp_port_factory, unused_udp_port, unused_udp_port_factory, worker_id
2025-07-07T19:11:07.2650508Z >       use 'pytest --fixtures [testpath]' for help on them.
2025-07-07T19:11:07.2650717Z 
2025-07-07T19:11:07.2650987Z /home/runner/work/mcp-standards-server/mcp-standards-server/tests/e2e/test_performance.py:453
2025-07-07T19:11:07.2651443Z =================================== FAILURES ===================================
2025-07-07T19:11:07.2651839Z ______ TestMCPServerStartupShutdown.test_server_handles_graceful_shutdown ______
2025-07-07T19:11:07.2652306Z tests/e2e/test_mcp_server.py:112: in test_server_handles_graceful_shutdown
2025-07-07T19:11:07.2652672Z     async with client.connect() as connected_client:
2025-07-07T19:11:07.2652931Z                ^^^^^^^^^^^^^^^^
2025-07-07T19:11:07.2653302Z E   TypeError: 'async_generator' object does not support the asynchronous context manager protocol
2025-07-07T19:11:07.2653837Z ____ TestMCPServerStartupShutdown.test_server_handles_multiple_connections _____
2025-07-07T19:11:07.2654315Z tests/e2e/test_mcp_server.py:127: in test_server_handles_multiple_connections
2025-07-07T19:11:07.2654684Z     async with client.connect() as connected_client:
2025-07-07T19:11:07.2655062Z                ^^^^^^^^^^^^^^^^
2025-07-07T19:11:07.2655427Z E   TypeError: 'async_generator' object does not support the asynchronous context manager protocol
2025-07-07T19:11:07.4566248Z ================================ tests coverage ================================
2025-07-07T19:11:07.4567133Z _______________ coverage: platform linux, python 3.12.11-final-0 _______________
2025-07-07T19:11:07.4567694Z 
2025-07-07T19:11:07.4567868Z Name                                       Stmts   Miss Branch BrPart  Cover   Missing
2025-07-07T19:11:07.4568323Z --------------------------------------------------------------------------------------
2025-07-07T19:11:07.4568798Z src/__init__.py                                0      0      0      0   100%
2025-07-07T19:11:07.4569209Z src/cli/__init__.py                            0      0      0      0   100%
2025-07-07T19:11:07.4569639Z src/cli/main.py                              157    157     54      0     0%   8-323
2025-07-07T19:11:07.4570062Z src/core/__init__.py                           0      0      0      0   100%
2025-07-07T19:11:07.4570529Z src/core/standards/__init__.py                 3      0      0      0   100%
2025-07-07T19:11:07.4571393Z src/core/standards/rule_engine.py            231    167    110      0    19%   57-110, 114-123, 127-142, 154-167, 190-191, 204-208, 212-231, 235-236, 252-292, 310-318, 323-325, 338-361, 370-403, 408-417, 421-432, 436, 449-462
2025-07-07T19:11:07.4572505Z src/core/standards/search_integration.py     173    173     88      0     0%   5-369
2025-07-07T19:11:07.4573213Z src/core/standards/semantic_search.py        422    422    148      0     0%   14-826
2025-07-07T19:11:07.4574350Z src/core/standards/sync.py                   297    226     86      0    19%   53, 67-71, 98-100, 105-107, 114-116, 120-128, 132, 136-139, 153-166, 170-196, 200-202, 206-218, 222-227, 239-292, 296-334, 338-365, 369-395, 400-447, 451-474, 478-495, 504, 510-518, 522-524, 543-544, 549-550
2025-07-07T19:11:07.4576754Z src/core/standards/token_optimizer.py        430    339    170      0    15%   57, 62, 90-92, 99-101, 105-115, 119-131, 135, 145-154, 159-208, 214-236, 241-263, 268-291, 300-310, 319-346, 350-392, 399-436, 451-485, 500-546, 560-594, 611-637, 644-693, 699-728, 741-762, 766-786, 793-800, 807-809, 817-832, 838-860, 864-869, 882-889, 896-915
2025-07-07T19:11:07.4577959Z src/mcp_server.py                            164    164     38      0     0%   7-453
2025-07-07T19:11:07.4578535Z --------------------------------------------------------------------------------------
2025-07-07T19:11:07.4625811Z TOTAL                                       1877   1648    694      0     9%
2025-07-07T19:11:07.4626345Z Coverage HTML written to dir htmlcov
2025-07-07T19:11:07.4626739Z Coverage XML written to file coverage.xml
2025-07-07T19:11:07.4627273Z FAIL Required test coverage of 80% not reached. Total coverage: 8.91%
2025-07-07T19:11:07.4627865Z =========================== short test summary info ============================
2025-07-07T19:11:07.4629144Z FAILED tests/e2e/test_mcp_server.py::TestMCPServerStartupShutdown::test_server_handles_graceful_shutdown - TypeError: 'async_generator' object does not support the asynchronous context manager protocol
2025-07-07T19:11:07.4631242Z FAILED tests/e2e/test_mcp_server.py::TestMCPServerStartupShutdown::test_server_handles_multiple_connections - TypeError: 'async_generator' object does not support the asynchronous context manager protocol
2025-07-07T19:11:07.4633345Z ERROR tests/e2e/test_mcp_server.py::TestMCPTools::test_get_applicable_standards - TypeError: 'async_generator' object does not support the asynchronous context manager protocol
2025-07-07T19:11:07.4635476Z ERROR tests/e2e/test_mcp_server.py::TestMCPTools::test_validate_against_standard - TypeError: 'async_generator' object does not support the asynchronous context manager protocol
2025-07-07T19:11:07.4636644Z ERROR tests/e2e/test_mcp_server.py::TestMCPTools::test_search_standards - TypeError: 'async_generator' object does not support the asynchronous context manager protocol
2025-07-07T19:11:07.4637676Z ERROR tests/e2e/test_mcp_server.py::TestMCPTools::test_get_standard_details - TypeError: 'async_generator' object does not support the asynchronous context manager protocol
2025-07-07T19:11:07.4638739Z ERROR tests/e2e/test_mcp_server.py::TestMCPTools::test_list_available_standards - TypeError: 'async_generator' object does not support the asynchronous context manager protocol
2025-07-07T19:11:07.4639779Z ERROR tests/e2e/test_mcp_server.py::TestMCPTools::test_suggest_improvements - TypeError: 'async_generator' object does not support the asynchronous context manager protocol
2025-07-07T19:11:07.4640880Z ERROR tests/e2e/test_mcp_server.py::TestStandardsSynchronization::test_sync_standards_workflow - TypeError: 'async_generator' object does not support the asynchronous context manager protocol
2025-07-07T19:11:07.4642064Z ERROR tests/e2e/test_mcp_server.py::TestStandardsSynchronization::test_sync_with_rate_limiting - TypeError: 'async_generator' object does not support the asynchronous context manager protocol
2025-07-07T19:11:07.4643223Z ERROR tests/e2e/test_mcp_server.py::TestRuleEngineIntegration::test_rule_evaluation_through_mcp - TypeError: 'async_generator' object does not support the asynchronous context manager protocol
2025-07-07T19:11:07.4644369Z ERROR tests/e2e/test_mcp_server.py::TestRuleEngineIntegration::test_rule_priority_resolution - TypeError: 'async_generator' object does not support the asynchronous context manager protocol
2025-07-07T19:11:07.4645756Z ERROR tests/e2e/test_mcp_server.py::TestSemanticSearchFunctionality::test_semantic_search_quality - TypeError: 'async_generator' object does not support the asynchronous context manager protocol
2025-07-07T19:11:07.4646934Z ERROR tests/e2e/test_mcp_server.py::TestSemanticSearchFunctionality::test_search_with_filters - TypeError: 'async_generator' object does not support the asynchronous context manager protocol
2025-07-07T19:11:07.4648294Z ERROR tests/e2e/test_mcp_server.py::TestErrorHandling::test_invalid_tool_name - TypeError: 'async_generator' object does not support the asynchronous context manager protocol
2025-07-07T19:11:07.4649345Z ERROR tests/e2e/test_mcp_server.py::TestErrorHandling::test_invalid_parameters - TypeError: 'async_generator' object does not support the asynchronous context manager protocol
2025-07-07T19:11:07.4650391Z ERROR tests/e2e/test_mcp_server.py::TestErrorHandling::test_malformed_context - TypeError: 'async_generator' object does not support the asynchronous context manager protocol
2025-07-07T19:11:07.4651563Z ERROR tests/e2e/test_mcp_server.py::TestErrorHandling::test_server_timeout_handling - TypeError: 'async_generator' object does not support the asynchronous context manager protocol
2025-07-07T19:11:07.4652650Z ERROR tests/e2e/test_mcp_server.py::TestConcurrentRequests::test_concurrent_tool_calls - TypeError: 'async_generator' object does not support the asynchronous context manager protocol
2025-07-07T19:11:07.4653760Z ERROR tests/e2e/test_mcp_server.py::TestConcurrentRequests::test_concurrent_search_requests - TypeError: 'async_generator' object does not support the asynchronous context manager protocol
2025-07-07T19:11:07.4655019Z ERROR tests/e2e/test_mcp_server.py::TestCachingBehavior::test_standards_caching - TypeError: 'async_generator' object does not support the asynchronous context manager protocol
2025-07-07T19:11:07.4656083Z ERROR tests/e2e/test_mcp_server.py::TestCachingBehavior::test_cache_invalidation - TypeError: 'async_generator' object does not support the asynchronous context manager protocol
2025-07-07T19:11:07.4656901Z ERROR tests/e2e/test_performance.py::TestLoadPerformance::test_concurrent_standard_requests
2025-07-07T19:11:07.4657434Z ERROR tests/e2e/test_performance.py::TestLoadPerformance::test_search_performance
2025-07-07T19:11:07.4657954Z ERROR tests/e2e/test_performance.py::TestLoadPerformance::test_mixed_workload_performance
2025-07-07T19:11:07.4658486Z ERROR tests/e2e/test_performance.py::TestMemoryPerformance::test_memory_usage_under_load
2025-07-07T19:11:07.4659030Z ERROR tests/e2e/test_performance.py::TestMemoryPerformance::test_cache_memory_management
2025-07-07T19:11:07.4659592Z ERROR tests/e2e/test_performance.py::TestResponseTimeBenchmarks::test_standard_selection_benchmark
2025-07-07T19:11:07.4660162Z ERROR tests/e2e/test_performance.py::TestResponseTimeBenchmarks::test_search_benchmark
2025-07-07T19:11:07.4660696Z ERROR tests/e2e/test_performance.py::TestResponseTimeBenchmarks::test_validation_benchmark
2025-07-07T19:11:07.4661250Z ERROR tests/e2e/test_performance.py::TestScalabilityLimits::test_max_concurrent_connections
2025-07-07T19:11:07.4661787Z ERROR tests/e2e/test_performance.py::TestScalabilityLimits::test_large_response_handling
2025-07-07T19:11:07.4662227Z =================== 2 failed, 1 passed, 30 errors in 26.92s ====================
2025-07-07T19:11:07.6492134Z ##[error]Process completed with exit code 1.
2025-07-07T19:11:07.6582729Z ##[group]Run actions/upload-artifact@v4
2025-07-07T19:11:07.6583004Z with:
2025-07-07T19:11:07.6583202Z   name: test-results-ubuntu-latest-py3.12
2025-07-07T19:11:07.6583490Z   path: coverage.xml
htmlcov/
.coverage

2025-07-07T19:11:07.6583733Z   if-no-files-found: warn
2025-07-07T19:11:07.6583941Z   compression-level: 6
2025-07-07T19:11:07.6584122Z   overwrite: false
2025-07-07T19:11:07.6584308Z   include-hidden-files: false
2025-07-07T19:11:07.6584514Z env:
2025-07-07T19:11:07.6584665Z   PYTHON_VERSION: 3.11
2025-07-07T19:11:07.6585087Z   COVERAGE_THRESHOLD: 80
2025-07-07T19:11:07.6585342Z   pythonLocation: /opt/hostedtoolcache/Python/3.12.11/x64
2025-07-07T19:11:07.6585742Z   PKG_CONFIG_PATH: /opt/hostedtoolcache/Python/3.12.11/x64/lib/pkgconfig
2025-07-07T19:11:07.6586138Z   Python_ROOT_DIR: /opt/hostedtoolcache/Python/3.12.11/x64
2025-07-07T19:11:07.6586483Z   Python2_ROOT_DIR: /opt/hostedtoolcache/Python/3.12.11/x64
2025-07-07T19:11:07.6586849Z   Python3_ROOT_DIR: /opt/hostedtoolcache/Python/3.12.11/x64
2025-07-07T19:11:07.6587190Z   LD_LIBRARY_PATH: /opt/hostedtoolcache/Python/3.12.11/x64/lib
2025-07-07T19:11:07.6587480Z ##[endgroup]
2025-07-07T19:11:07.8855388Z Multiple search paths detected. Calculating the least common ancestor of all paths
2025-07-07T19:11:07.8858589Z The least common ancestor is /home/runner/work/mcp-standards-server/mcp-standards-server. This will be the root directory of the artifact
2025-07-07T19:11:07.8861213Z With the provided path, there will be 20 files uploaded
2025-07-07T19:11:07.8864583Z Artifact name is valid!
2025-07-07T19:11:07.8866219Z Root directory input is valid!
2025-07-07T19:11:08.0338361Z Beginning upload of artifact content to blob storage
2025-07-07T19:11:08.3058760Z Uploaded bytes 152111
2025-07-07T19:11:08.3454001Z Finished uploading artifact content to blob storage!
2025-07-07T19:11:08.3457361Z SHA256 digest of uploaded artifact zip is e472f587cb95cd4eb1bba71eee5d18d8db62edc62fdbfde644770967e76d09bf
2025-07-07T19:11:08.3459165Z Finalizing artifact upload
2025-07-07T19:11:08.4249726Z Artifact test-results-ubuntu-latest-py3.12.zip successfully finalized. Artifact ID 3479982567
2025-07-07T19:11:08.4251071Z Artifact test-results-ubuntu-latest-py3.12 has been successfully uploaded! Final size is 152111 bytes. Artifact ID is 3479982567
2025-07-07T19:11:08.4258127Z Artifact download URL: https://github.com/williamzujkowski/mcp-standards-server/actions/runs/16125666846/artifacts/3479982567
2025-07-07T19:11:08.4393659Z Post job cleanup.
2025-07-07T19:11:08.5331641Z [command]/usr/bin/git version
2025-07-07T19:11:08.5367247Z git version 2.49.0
2025-07-07T19:11:08.5410392Z Temporarily overriding HOME='/home/runner/work/_temp/beb75826-6b68-4a6a-b275-783de712f4ad' before making global git config changes
2025-07-07T19:11:08.5411694Z Adding repository directory to the temporary git global config as a safe directory
2025-07-07T19:11:08.5417122Z [command]/usr/bin/git config --global --add safe.directory /home/runner/work/mcp-standards-server/mcp-standards-server
2025-07-07T19:11:08.5458304Z [command]/usr/bin/git config --local --name-only --get-regexp core\.sshCommand
2025-07-07T19:11:08.5492054Z [command]/usr/bin/git submodule foreach --recursive sh -c "git config --local --name-only --get-regexp 'core\.sshCommand' && git config --local --unset-all 'core.sshCommand' || :"
2025-07-07T19:11:08.5726461Z [command]/usr/bin/git config --local --name-only --get-regexp http\.https\:\/\/github\.com\/\.extraheader
2025-07-07T19:11:08.5745883Z http.https://github.com/.extraheader
2025-07-07T19:11:08.5759451Z [command]/usr/bin/git config --local --unset-all http.https://github.com/.extraheader
2025-07-07T19:11:08.5790475Z [command]/usr/bin/git submodule foreach --recursive sh -c "git config --local --name-only --get-regexp 'http\.https\:\/\/github\.com\/\.extraheader' && git config --local --unset-all 'http.https://github.com/.extraheader' || :"
2025-07-07T19:11:08.6108724Z Cleaning up orphan processes
